16:42:20 **** Incremental Build of configuration Debug for project button ****
make -j4 all 
arm-none-eabi-gcc "../Core/Src/main.c" -mcpu=cortex-m4 -std=gnu11 -g3 -DDEBUG -DUSE_HAL_DRIVER -DSTM32F411xE -c -I../Core/Inc -I../Drivers/STM32F4xx_HAL_Driver/Inc -I../Drivers/STM32F4xx_HAL_Driver/Inc/Legacy -I../Drivers/CMSIS/Device/ST/STM32F4xx/Include -I../Drivers/CMSIS/Include -O0 -ffunction-sections -fdata-sections -Wall -fstack-usage -fcyclomatic-complexity -MMD -MP -MF"Core/Src/main.d" -MT"Core/Src/main.o" --specs=nano.specs -mfpu=fpv4-sp-d16 -mfloat-abi=hard -mthumb -o "Core/Src/main.o"
arm-none-eabi-gcc -o "button.elf" @"objects.list"   -mcpu=cortex-m4 -T"C:\workspace_intel2\arm\button\STM32F411RETX_FLASH.ld" --specs=nosys.specs -Wl,-Map="button.map" -Wl,--gc-sections -static --specs=nano.specs -mfpu=fpv4-sp-d16 -mfloat-abi=hard -mthumb -Wl,--start-group -lc -lm -Wl,--end-group
Finished building target: button.elf
 
arm-none-eabi-size   button.elf 
arm-none-eabi-objdump -h -S  button.elf  > "button.list"
   text	   data	    bss	    dec	    hex	filename
   6680	     20	   1572	   8272	   2050	button.elf
Finished building: default.size.stdout
 
Finished building: button.list
 

16:42:21 Build Finished. 0 errors, 0 warnings. (took 937ms)

