11:23:51 **** Incremental Build of configuration Debug for project zgpio-02 ****
make -j4 all 
arm-none-eabi-size   zgpio-02.elf 
   text	   data	    bss	    dec	    hex	filename
   9204	     20	   1708	  10932	   2ab4	zgpio-02.elf
Finished building: default.size.stdout
 
11:23:57 **** Incremental Build of configuration Debug for project zgpio-02 ****
make -j4 all 
arm-none-eabi-size   zgpio-02.elf 
   text	   data	    bss	    dec	    hex	filename
   9204	     20	   1708	  10932	   2ab4	zgpio-02.elf
Finished building: default.size.stdout
 
11:37:37 **** Incremental Build of configuration Debug for project zgpio-02 ****
make -j4 all 
arm-none-eabi-gcc "../Core/Src/main.c" -mcpu=cortex-m4 -std=gnu11 -g3 -DDEBUG -DUSE_HAL_DRIVER -DSTM32F411xE -c -I../Core/Inc -I../Drivers/STM32F4xx_HAL_Driver/Inc -I../Drivers/STM32F4xx_HAL_Driver/Inc/Legacy -I../Drivers/CMSIS/Device/ST/STM32F4xx/Include -I../Drivers/CMSIS/Include -O0 -ffunction-sections -fdata-sections -Wall -fstack-usage -fcyclomatic-complexity -MMD -MP -MF"Core/Src/main.d" -MT"Core/Src/main.o" --specs=nano.specs -mfpu=fpv4-sp-d16 -mfloat-abi=hard -mthumb -o "Core/Src/main.o"
../Core/Src/main.c: In function 'main':
../Core/Src/main.c:109:5: warning: implicit declaration of function 'printf' [-Wimplicit-function-declaration]
  109 |     printf("X Value : %d\r\n",val);
      |     ^~~~~~
../Core/Src/main.c:49:1: note: include '<stdio.h>' or provide a declaration of 'printf'
   48 | #include "../../../myLib/myLib.c"
  +++ |+#include <stdio.h>
   49 | /* USER CODE END PV */
../Core/Src/main.c:109:5: warning: incompatible implicit declaration of built-in function 'printf' [-Wbuiltin-declaration-mismatch]
  109 |     printf("X Value : %d\r\n",val);
      |     ^~~~~~
../Core/Src/main.c:109:5: note: include '<stdio.h>' or provide a declaration of 'printf'
arm-none-eabi-gcc -o "zgpio-02.elf" @"objects.list"   -mcpu=cortex-m4 -T"C:\workspace_intel2\arm\zgpio-02\STM32F411RETX_FLASH.ld" --specs=nosys.specs -Wl,-Map="zgpio-02.map" -Wl,--gc-sections -static --specs=nano.specs -mfpu=fpv4-sp-d16 -mfloat-abi=hard -mthumb -Wl,--start-group -lc -lm -Wl,--end-group
Finished building target: zgpio-02.elf
 
arm-none-eabi-size   zgpio-02.elf 
arm-none-eabi-objdump -h -S  zgpio-02.elf  > "zgpio-02.list"
   text	   data	    bss	    dec	    hex	filename
  14112	    112	   2048	  16272	   3f90	zgpio-02.elf
Finished building: default.size.stdout
 
Finished building: zgpio-02.list
 
11:44:16 **** Incremental Build of configuration Debug for project zgpio-02 ****
make -j4 all 
arm-none-eabi-gcc "../Core/Src/main.c" -mcpu=cortex-m4 -std=gnu11 -g3 -DDEBUG -DUSE_HAL_DRIVER -DSTM32F411xE -c -I../Core/Inc -I../Drivers/STM32F4xx_HAL_Driver/Inc -I../Drivers/STM32F4xx_HAL_Driver/Inc/Legacy -I../Drivers/CMSIS/Device/ST/STM32F4xx/Include -I../Drivers/CMSIS/Include -O0 -ffunction-sections -fdata-sections -Wall -fstack-usage -fcyclomatic-complexity -MMD -MP -MF"Core/Src/main.d" -MT"Core/Src/main.o" --specs=nano.specs -mfpu=fpv4-sp-d16 -mfloat-abi=hard -mthumb -o "Core/Src/main.o"
In file included from ../Core/Src/main.c:48:
../Core/Src/../../../myLib/myLib.c: In function '__io_putchar':
../Core/Src/../../../myLib/myLib.c:3:35: warning: passing argument 2 of 'HAL_UART_Transmit' from incompatible pointer type [-Wincompatible-pointer-types]
    3 |         HAL_UART_Transmit(&huart2,&c,1,10);
      |                                   ^~
      |                                   |
      |                                   int *
In file included from ../Core/Inc/stm32f4xx_hal_conf.h:411,
                 from ../Drivers/STM32F4xx_HAL_Driver/Inc/stm32f4xx_hal.h:29,
                 from ../Core/Inc/main.h:30,
                 from ../Core/Src/main.c:20:
../Drivers/STM32F4xx_HAL_Driver/Inc/stm32f4xx_hal_uart.h:722:79: note: expected 'const uint8_t *' {aka 'const unsigned char *'} but argument is of type 'int *'
  722 | HAL_StatusTypeDef HAL_UART_Transmit(UART_HandleTypeDef *huart, const uint8_t *pData, uint16_t Size, uint32_t Timeout);
      |                                                                ~~~~~~~~~~~~~~~^~~~~
../Core/Src/main.c: In function 'main':
../Core/Src/main.c:109:5: warning: implicit declaration of function 'printf' [-Wimplicit-function-declaration]
  109 |     printf("X Value : %d\r\n",val);
      |     ^~~~~~
../Core/Src/main.c:49:1: note: include '<stdio.h>' or provide a declaration of 'printf'
   48 | #include "../../../myLib/myLib.c"
  +++ |+#include <stdio.h>
   49 | /* USER CODE END PV */
../Core/Src/main.c:109:5: warning: incompatible implicit declaration of built-in function 'printf' [-Wbuiltin-declaration-mismatch]
  109 |     printf("X Value : %d\r\n",val);
      |     ^~~~~~
../Core/Src/main.c:109:5: note: include '<stdio.h>' or provide a declaration of 'printf'
arm-none-eabi-gcc -o "zgpio-02.elf" @"objects.list"   -mcpu=cortex-m4 -T"C:\workspace_intel2\arm\zgpio-02\STM32F411RETX_FLASH.ld" --specs=nosys.specs -Wl,-Map="zgpio-02.map" -Wl,--gc-sections -static --specs=nano.specs -mfpu=fpv4-sp-d16 -mfloat-abi=hard -mthumb -Wl,--start-group -lc -lm -Wl,--end-group
Finished building target: zgpio-02.elf
 
arm-none-eabi-size   zgpio-02.elf 
arm-none-eabi-objdump -h -S  zgpio-02.elf  > "zgpio-02.list"
   text	   data	    bss	    dec	    hex	filename
  14688	    112	   2048	  16848	   41d0	zgpio-02.elf
Finished building: default.size.stdout
 
Finished building: zgpio-02.list
 
11:47:43 **** Incremental Build of configuration Debug for project zgpio-02 ****
make -j4 all 
arm-none-eabi-gcc "../Core/Src/main.c" -mcpu=cortex-m4 -std=gnu11 -g3 -DDEBUG -DUSE_HAL_DRIVER -DSTM32F411xE -c -I../Core/Inc -I../Drivers/STM32F4xx_HAL_Driver/Inc -I../Drivers/STM32F4xx_HAL_Driver/Inc/Legacy -I../Drivers/CMSIS/Device/ST/STM32F4xx/Include -I../Drivers/CMSIS/Include -O0 -ffunction-sections -fdata-sections -Wall -fstack-usage -fcyclomatic-complexity -MMD -MP -MF"Core/Src/main.d" -MT"Core/Src/main.o" --specs=nano.specs -mfpu=fpv4-sp-d16 -mfloat-abi=hard -mthumb -o "Core/Src/main.o"
In file included from ../Core/Src/main.c:48:
../Core/Src/../../../myLib/myLib.c: In function '__io_putchar':
../Core/Src/../../../myLib/myLib.c:3:35: warning: passing argument 2 of 'HAL_UART_Transmit' from incompatible pointer type [-Wincompatible-pointer-types]
    3 |         HAL_UART_Transmit(&huart2,&c,1,10);
      |                                   ^~
      |                                   |
      |                                   int *
In file included from ../Core/Inc/stm32f4xx_hal_conf.h:411,
                 from ../Drivers/STM32F4xx_HAL_Driver/Inc/stm32f4xx_hal.h:29,
                 from ../Core/Inc/main.h:30,
                 from ../Core/Src/main.c:20:
../Drivers/STM32F4xx_HAL_Driver/Inc/stm32f4xx_hal_uart.h:722:79: note: expected 'const uint8_t *' {aka 'const unsigned char *'} but argument is of type 'int *'
  722 | HAL_StatusTypeDef HAL_UART_Transmit(UART_HandleTypeDef *huart, const uint8_t *pData, uint16_t Size, uint32_t Timeout);
      |                                                                ~~~~~~~~~~~~~~~^~~~~
../Core/Src/main.c: In function 'main':
../Core/Src/main.c:109:5: warning: implicit declaration of function 'printf' [-Wimplicit-function-declaration]
  109 |     printf("X Value : %d\r\n",val);
      |     ^~~~~~
../Core/Src/main.c:49:1: note: include '<stdio.h>' or provide a declaration of 'printf'
   48 | #include "../../../myLib/myLib.c"
  +++ |+#include <stdio.h>
   49 | /* USER CODE END PV */
../Core/Src/main.c:109:5: warning: incompatible implicit declaration of built-in function 'printf' [-Wbuiltin-declaration-mismatch]
  109 |     printf("X Value : %d\r\n",val);
      |     ^~~~~~
../Core/Src/main.c:109:5: note: include '<stdio.h>' or provide a declaration of 'printf'
../Core/Src/main.c:112:21: error: 'hadc2' undeclared (first use in this function); did you mean 'hadc1'?
  112 |     HAL_ADC_Start (&hadc2);      //start sampling
      |                     ^~~~~
      |                     hadc1
../Core/Src/main.c:112:21: note: each undeclared identifier is reported only once for each function it appears in
../Core/Src/main.c:114:9: error: redefinition of 'val'
  114 |     int val = HAL_ADC_GetValue (&hadc2);     //get
      |         ^~~
../Core/Src/main.c:108:9: note: previous definition of 'val' with type 'int'
  108 |     int val = HAL_ADC_GetValue(&hadc1);     //get
      |         ^~~
make: *** [Core/Src/subdir.mk:34: Core/Src/main.o] Error 1
"make -j4 all" terminated with exit code 2. Build might be incomplete.
11:48:03 **** Incremental Build of configuration Debug for project zgpio-02 ****
make -j4 all 
arm-none-eabi-gcc "../Core/Src/main.c" -mcpu=cortex-m4 -std=gnu11 -g3 -DDEBUG -DUSE_HAL_DRIVER -DSTM32F411xE -c -I../Core/Inc -I../Drivers/STM32F4xx_HAL_Driver/Inc -I../Drivers/STM32F4xx_HAL_Driver/Inc/Legacy -I../Drivers/CMSIS/Device/ST/STM32F4xx/Include -I../Drivers/CMSIS/Include -O0 -ffunction-sections -fdata-sections -Wall -fstack-usage -fcyclomatic-complexity -MMD -MP -MF"Core/Src/main.d" -MT"Core/Src/main.o" --specs=nano.specs -mfpu=fpv4-sp-d16 -mfloat-abi=hard -mthumb -o "Core/Src/main.o"
In file included from ../Core/Src/main.c:48:
../Core/Src/../../../myLib/myLib.c: In function '__io_putchar':
../Core/Src/../../../myLib/myLib.c:3:35: warning: passing argument 2 of 'HAL_UART_Transmit' from incompatible pointer type [-Wincompatible-pointer-types]
    3 |         HAL_UART_Transmit(&huart2,&c,1,10);
      |                                   ^~
      |                                   |
      |                                   int *
In file included from ../Core/Inc/stm32f4xx_hal_conf.h:411,
                 from ../Drivers/STM32F4xx_HAL_Driver/Inc/stm32f4xx_hal.h:29,
                 from ../Core/Inc/main.h:30,
                 from ../Core/Src/main.c:20:
../Drivers/STM32F4xx_HAL_Driver/Inc/stm32f4xx_hal_uart.h:722:79: note: expected 'const uint8_t *' {aka 'const unsigned char *'} but argument is of type 'int *'
  722 | HAL_StatusTypeDef HAL_UART_Transmit(UART_HandleTypeDef *huart, const uint8_t *pData, uint16_t Size, uint32_t Timeout);
      |                                                                ~~~~~~~~~~~~~~~^~~~~
../Core/Src/main.c: In function 'main':
../Core/Src/main.c:109:5: warning: implicit declaration of function 'printf' [-Wimplicit-function-declaration]
  109 |     printf("X Value : %d\r\n",val);
      |     ^~~~~~
../Core/Src/main.c:49:1: note: include '<stdio.h>' or provide a declaration of 'printf'
   48 | #include "../../../myLib/myLib.c"
  +++ |+#include <stdio.h>
   49 | /* USER CODE END PV */
../Core/Src/main.c:109:5: warning: incompatible implicit declaration of built-in function 'printf' [-Wbuiltin-declaration-mismatch]
  109 |     printf("X Value : %d\r\n",val);
      |     ^~~~~~
../Core/Src/main.c:109:5: note: include '<stdio.h>' or provide a declaration of 'printf'
../Core/Src/main.c:114:9: error: redefinition of 'val'
  114 |     int val = HAL_ADC_GetValue (&hadc1);     //get
      |         ^~~
../Core/Src/main.c:108:9: note: previous definition of 'val' with type 'int'
  108 |     int val = HAL_ADC_GetValue(&hadc1);     //get
      |         ^~~
make: *** [Core/Src/subdir.mk:34: Core/Src/main.o] Error 1
"make -j4 all" terminated with exit code 2. Build might be incomplete.
11:48:47 **** Incremental Build of configuration Debug for project zgpio-02 ****
make -j4 all 
arm-none-eabi-gcc "../Core/Src/main.c" -mcpu=cortex-m4 -std=gnu11 -g3 -DDEBUG -DUSE_HAL_DRIVER -DSTM32F411xE -c -I../Core/Inc -I../Drivers/STM32F4xx_HAL_Driver/Inc -I../Drivers/STM32F4xx_HAL_Driver/Inc/Legacy -I../Drivers/CMSIS/Device/ST/STM32F4xx/Include -I../Drivers/CMSIS/Include -O0 -ffunction-sections -fdata-sections -Wall -fstack-usage -fcyclomatic-complexity -MMD -MP -MF"Core/Src/main.d" -MT"Core/Src/main.o" --specs=nano.specs -mfpu=fpv4-sp-d16 -mfloat-abi=hard -mthumb -o "Core/Src/main.o"
In file included from ../Core/Src/main.c:48:
../Core/Src/../../../myLib/myLib.c: In function '__io_putchar':
../Core/Src/../../../myLib/myLib.c:3:35: warning: passing argument 2 of 'HAL_UART_Transmit' from incompatible pointer type [-Wincompatible-pointer-types]
    3 |         HAL_UART_Transmit(&huart2,&c,1,10);
      |                                   ^~
      |                                   |
      |                                   int *
In file included from ../Core/Inc/stm32f4xx_hal_conf.h:411,
                 from ../Drivers/STM32F4xx_HAL_Driver/Inc/stm32f4xx_hal.h:29,
                 from ../Core/Inc/main.h:30,
                 from ../Core/Src/main.c:20:
../Drivers/STM32F4xx_HAL_Driver/Inc/stm32f4xx_hal_uart.h:722:79: note: expected 'const uint8_t *' {aka 'const unsigned char *'} but argument is of type 'int *'
  722 | HAL_StatusTypeDef HAL_UART_Transmit(UART_HandleTypeDef *huart, const uint8_t *pData, uint16_t Size, uint32_t Timeout);
      |                                                                ~~~~~~~~~~~~~~~^~~~~
../Core/Src/main.c: In function 'main':
../Core/Src/main.c:109:5: warning: implicit declaration of function 'printf' [-Wimplicit-function-declaration]
  109 |     printf("X Value : %d\r\n",val);
      |     ^~~~~~
../Core/Src/main.c:49:1: note: include '<stdio.h>' or provide a declaration of 'printf'
   48 | #include "../../../myLib/myLib.c"
  +++ |+#include <stdio.h>
   49 | /* USER CODE END PV */
../Core/Src/main.c:109:5: warning: incompatible implicit declaration of built-in function 'printf' [-Wbuiltin-declaration-mismatch]
  109 |     printf("X Value : %d\r\n",val);
      |     ^~~~~~
../Core/Src/main.c:109:5: note: include '<stdio.h>' or provide a declaration of 'printf'
arm-none-eabi-gcc -o "zgpio-02.elf" @"objects.list"   -mcpu=cortex-m4 -T"C:\workspace_intel2\arm\zgpio-02\STM32F411RETX_FLASH.ld" --specs=nosys.specs -Wl,-Map="zgpio-02.map" -Wl,--gc-sections -static --specs=nano.specs -mfpu=fpv4-sp-d16 -mfloat-abi=hard -mthumb -Wl,--start-group -lc -lm -Wl,--end-group
Finished building target: zgpio-02.elf
 
arm-none-eabi-size   zgpio-02.elf 
arm-none-eabi-objdump -h -S  zgpio-02.elf  > "zgpio-02.list"
   text	   data	    bss	    dec	    hex	filename
  14720	    112	   2048	  16880	   41f0	zgpio-02.elf
Finished building: default.size.stdout
 
Finished building: zgpio-02.list
 
11:53:48 **** Incremental Build of configuration Debug for project zgpio-02 ****
make -j4 all 
arm-none-eabi-gcc "../Core/Src/main.c" -mcpu=cortex-m4 -std=gnu11 -g3 -DDEBUG -DUSE_HAL_DRIVER -DSTM32F411xE -c -I../Core/Inc -I../Drivers/STM32F4xx_HAL_Driver/Inc -I../Drivers/STM32F4xx_HAL_Driver/Inc/Legacy -I../Drivers/CMSIS/Device/ST/STM32F4xx/Include -I../Drivers/CMSIS/Include -O0 -ffunction-sections -fdata-sections -Wall -fstack-usage -fcyclomatic-complexity -MMD -MP -MF"Core/Src/main.d" -MT"Core/Src/main.o" --specs=nano.specs -mfpu=fpv4-sp-d16 -mfloat-abi=hard -mthumb -o "Core/Src/main.o"
In file included from ../Core/Src/main.c:48:
../Core/Src/../../../myLib/myLib.c: In function '__io_putchar':
../Core/Src/../../../myLib/myLib.c:3:35: warning: passing argument 2 of 'HAL_UART_Transmit' from incompatible pointer type [-Wincompatible-pointer-types]
    3 |         HAL_UART_Transmit(&huart2,&c,1,10);
      |                                   ^~
      |                                   |
      |                                   int *
In file included from ../Core/Inc/stm32f4xx_hal_conf.h:411,
                 from ../Drivers/STM32F4xx_HAL_Driver/Inc/stm32f4xx_hal.h:29,
                 from ../Core/Inc/main.h:30,
                 from ../Core/Src/main.c:20:
../Drivers/STM32F4xx_HAL_Driver/Inc/stm32f4xx_hal_uart.h:722:79: note: expected 'const uint8_t *' {aka 'const unsigned char *'} but argument is of type 'int *'
  722 | HAL_StatusTypeDef HAL_UART_Transmit(UART_HandleTypeDef *huart, const uint8_t *pData, uint16_t Size, uint32_t Timeout);
      |                                                                ~~~~~~~~~~~~~~~^~~~~
../Core/Src/main.c: In function 'main':
../Core/Src/main.c:113:5: warning: implicit declaration of function 'printf' [-Wimplicit-function-declaration]
  113 |     printf("X Value : %d\r\n",GetAdcValue());
      |     ^~~~~~
../Core/Src/main.c:49:1: note: include '<stdio.h>' or provide a declaration of 'printf'
   48 | #include "../../../myLib/myLib.c"
  +++ |+#include <stdio.h>
   49 | /* USER CODE END PV */
../Core/Src/main.c:113:5: warning: incompatible implicit declaration of built-in function 'printf' [-Wbuiltin-declaration-mismatch]
  113 |     printf("X Value : %d\r\n",GetAdcValue());
      |     ^~~~~~
../Core/Src/main.c:113:5: note: include '<stdio.h>' or provide a declaration of 'printf'
arm-none-eabi-gcc -o "zgpio-02.elf" @"objects.list"   -mcpu=cortex-m4 -T"C:\workspace_intel2\arm\zgpio-02\STM32F411RETX_FLASH.ld" --specs=nosys.specs -Wl,-Map="zgpio-02.map" -Wl,--gc-sections -static --specs=nano.specs -mfpu=fpv4-sp-d16 -mfloat-abi=hard -mthumb -Wl,--start-group -lc -lm -Wl,--end-group
Finished building target: zgpio-02.elf
 
arm-none-eabi-size   zgpio-02.elf 
arm-none-eabi-objdump -h -S  zgpio-02.elf  > "zgpio-02.list"
   text	   data	    bss	    dec	    hex	filename
  14744	    112	   2048	  16904	   4208	zgpio-02.elf
Finished building: default.size.stdout
 
Finished building: zgpio-02.list
 
12:17:17 **** Incremental Build of configuration Debug for project zgpio-02 ****
make -j4 all 
arm-none-eabi-gcc "../Core/Src/main.c" -mcpu=cortex-m4 -std=gnu11 -g3 -DDEBUG -DUSE_HAL_DRIVER -DSTM32F411xE -c -I../Core/Inc -I../Drivers/STM32F4xx_HAL_Driver/Inc -I../Drivers/STM32F4xx_HAL_Driver/Inc/Legacy -I../Drivers/CMSIS/Device/ST/STM32F4xx/Include -I../Drivers/CMSIS/Include -O0 -ffunction-sections -fdata-sections -Wall -fstack-usage -fcyclomatic-complexity -MMD -MP -MF"Core/Src/main.d" -MT"Core/Src/main.o" --specs=nano.specs -mfpu=fpv4-sp-d16 -mfloat-abi=hard -mthumb -o "Core/Src/main.o"
arm-none-eabi-gcc "../Core/Src/stm32f4xx_hal_msp.c" -mcpu=cortex-m4 -std=gnu11 -g3 -DDEBUG -DUSE_HAL_DRIVER -DSTM32F411xE -c -I../Core/Inc -I../Drivers/STM32F4xx_HAL_Driver/Inc -I../Drivers/STM32F4xx_HAL_Driver/Inc/Legacy -I../Drivers/CMSIS/Device/ST/STM32F4xx/Include -I../Drivers/CMSIS/Include -O0 -ffunction-sections -fdata-sections -Wall -fstack-usage -fcyclomatic-complexity -MMD -MP -MF"Core/Src/stm32f4xx_hal_msp.d" -MT"Core/Src/stm32f4xx_hal_msp.o" --specs=nano.specs -mfpu=fpv4-sp-d16 -mfloat-abi=hard -mthumb -o "Core/Src/stm32f4xx_hal_msp.o"
In file included from ../Core/Src/main.c:48:
../Core/Src/../../../myLib/myLib.c: In function '__io_putchar':
../Core/Src/../../../myLib/myLib.c:3:35: warning: passing argument 2 of 'HAL_UART_Transmit' from incompatible pointer type [-Wincompatible-pointer-types]
    3 |         HAL_UART_Transmit(&huart2,&c,1,10);
      |                                   ^~
      |                                   |
      |                                   int *
In file included from ../Core/Inc/stm32f4xx_hal_conf.h:411,
                 from ../Drivers/STM32F4xx_HAL_Driver/Inc/stm32f4xx_hal.h:29,
                 from ../Core/Inc/main.h:30,
                 from ../Core/Src/main.c:20:
../Drivers/STM32F4xx_HAL_Driver/Inc/stm32f4xx_hal_uart.h:722:79: note: expected 'const uint8_t *' {aka 'const unsigned char *'} but argument is of type 'int *'
  722 | HAL_StatusTypeDef HAL_UART_Transmit(UART_HandleTypeDef *huart, const uint8_t *pData, uint16_t Size, uint32_t Timeout);
      |                                                                ~~~~~~~~~~~~~~~^~~~~
../Core/Src/main.c: In function 'main':
../Core/Src/main.c:113:5: warning: implicit declaration of function 'printf' [-Wimplicit-function-declaration]
  113 |     printf("X Value : %d\r\n",GetAdcValue());
      |     ^~~~~~
../Core/Src/main.c:49:1: note: include '<stdio.h>' or provide a declaration of 'printf'
   48 | #include "../../../myLib/myLib.c"
  +++ |+#include <stdio.h>
   49 | /* USER CODE END PV */
../Core/Src/main.c:113:5: warning: incompatible implicit declaration of built-in function 'printf' [-Wbuiltin-declaration-mismatch]
  113 |     printf("X Value : %d\r\n",GetAdcValue());
      |     ^~~~~~
../Core/Src/main.c:113:5: note: include '<stdio.h>' or provide a declaration of 'printf'
arm-none-eabi-gcc -o "zgpio-02.elf" @"objects.list"   -mcpu=cortex-m4 -T"C:\workspace_intel2\arm\zgpio-02\STM32F411RETX_FLASH.ld" --specs=nosys.specs -Wl,-Map="zgpio-02.map" -Wl,--gc-sections -static --specs=nano.specs -mfpu=fpv4-sp-d16 -mfloat-abi=hard -mthumb -Wl,--start-group -lc -lm -Wl,--end-group
Finished building target: zgpio-02.elf
 
arm-none-eabi-size   zgpio-02.elf 
arm-none-eabi-objdump -h -S  zgpio-02.elf  > "zgpio-02.list"
   text	   data	    bss	    dec	    hex	filename
  14792	    112	   2048	  16952	   4238	zgpio-02.elf
Finished building: default.size.stdout
 
Finished building: zgpio-02.list
 
12:33:52 **** Incremental Build of configuration Debug for project zgpio-02 ****
make -j4 all 
arm-none-eabi-gcc "../Core/Src/main.c" -mcpu=cortex-m4 -std=gnu11 -g3 -DDEBUG -DUSE_HAL_DRIVER -DSTM32F411xE -c -I../Core/Inc -I../Drivers/STM32F4xx_HAL_Driver/Inc -I../Drivers/STM32F4xx_HAL_Driver/Inc/Legacy -I../Drivers/CMSIS/Device/ST/STM32F4xx/Include -I../Drivers/CMSIS/Include -O0 -ffunction-sections -fdata-sections -Wall -fstack-usage -fcyclomatic-complexity -MMD -MP -MF"Core/Src/main.d" -MT"Core/Src/main.o" --specs=nano.specs -mfpu=fpv4-sp-d16 -mfloat-abi=hard -mthumb -o "Core/Src/main.o"
arm-none-eabi-gcc "../Core/Src/stm32f4xx_hal_msp.c" -mcpu=cortex-m4 -std=gnu11 -g3 -DDEBUG -DUSE_HAL_DRIVER -DSTM32F411xE -c -I../Core/Inc -I../Drivers/STM32F4xx_HAL_Driver/Inc -I../Drivers/STM32F4xx_HAL_Driver/Inc/Legacy -I../Drivers/CMSIS/Device/ST/STM32F4xx/Include -I../Drivers/CMSIS/Include -O0 -ffunction-sections -fdata-sections -Wall -fstack-usage -fcyclomatic-complexity -MMD -MP -MF"Core/Src/stm32f4xx_hal_msp.d" -MT"Core/Src/stm32f4xx_hal_msp.o" --specs=nano.specs -mfpu=fpv4-sp-d16 -mfloat-abi=hard -mthumb -o "Core/Src/stm32f4xx_hal_msp.o"
arm-none-eabi-gcc "../Core/Src/stm32f4xx_it.c" -mcpu=cortex-m4 -std=gnu11 -g3 -DDEBUG -DUSE_HAL_DRIVER -DSTM32F411xE -c -I../Core/Inc -I../Drivers/STM32F4xx_HAL_Driver/Inc -I../Drivers/STM32F4xx_HAL_Driver/Inc/Legacy -I../Drivers/CMSIS/Device/ST/STM32F4xx/Include -I../Drivers/CMSIS/Include -O0 -ffunction-sections -fdata-sections -Wall -fstack-usage -fcyclomatic-complexity -MMD -MP -MF"Core/Src/stm32f4xx_it.d" -MT"Core/Src/stm32f4xx_it.o" --specs=nano.specs -mfpu=fpv4-sp-d16 -mfloat-abi=hard -mthumb -o "Core/Src/stm32f4xx_it.o"
In file included from ../Core/Src/main.c:48:
../Core/Src/../../../myLib/myLib.c: In function '__io_putchar':
../Core/Src/../../../myLib/myLib.c:3:35: warning: passing argument 2 of 'HAL_UART_Transmit' from incompatible pointer type [-Wincompatible-pointer-types]
    3 |         HAL_UART_Transmit(&huart2,&c,1,10);
      |                                   ^~
      |                                   |
      |                                   int *
In file included from ../Core/Inc/stm32f4xx_hal_conf.h:411,
                 from ../Drivers/STM32F4xx_HAL_Driver/Inc/stm32f4xx_hal.h:29,
                 from ../Core/Inc/main.h:30,
                 from ../Core/Src/main.c:20:
../Drivers/STM32F4xx_HAL_Driver/Inc/stm32f4xx_hal_uart.h:722:79: note: expected 'const uint8_t *' {aka 'const unsigned char *'} but argument is of type 'int *'
  722 | HAL_StatusTypeDef HAL_UART_Transmit(UART_HandleTypeDef *huart, const uint8_t *pData, uint16_t Size, uint32_t Timeout);
      |                                                                ~~~~~~~~~~~~~~~^~~~~
../Core/Src/main.c: In function 'main':
../Core/Src/main.c:113:5: warning: implicit declaration of function 'printf' [-Wimplicit-function-declaration]
  113 |     printf("X Value : %d\r\n",GetAdcValue());
      |     ^~~~~~
../Core/Src/main.c:49:1: note: include '<stdio.h>' or provide a declaration of 'printf'
   48 | #include "../../../myLib/myLib.c"
  +++ |+#include <stdio.h>
   49 | /* USER CODE END PV */
../Core/Src/main.c:113:5: warning: incompatible implicit declaration of built-in function 'printf' [-Wbuiltin-declaration-mismatch]
  113 |     printf("X Value : %d\r\n",GetAdcValue());
      |     ^~~~~~
../Core/Src/main.c:113:5: note: include '<stdio.h>' or provide a declaration of 'printf'
arm-none-eabi-gcc -o "zgpio-02.elf" @"objects.list"   -mcpu=cortex-m4 -T"C:\workspace_intel2\arm\zgpio-02\STM32F411RETX_FLASH.ld" --specs=nosys.specs -Wl,-Map="zgpio-02.map" -Wl,--gc-sections -static --specs=nano.specs -mfpu=fpv4-sp-d16 -mfloat-abi=hard -mthumb -Wl,--start-group -lc -lm -Wl,--end-group
Finished building target: zgpio-02.elf
 
arm-none-eabi-size   zgpio-02.elf 
arm-none-eabi-objdump -h -S  zgpio-02.elf  > "zgpio-02.list"
   text	   data	    bss	    dec	    hex	filename
  14912	    112	   2048	  17072	   42b0	zgpio-02.elf
Finished building: default.size.stdout
 
Finished building: zgpio-02.list
 
12:39:24 **** Incremental Build of configuration Debug for project zgpio-02 ****
make -j4 all 
arm-none-eabi-gcc "../Core/Src/main.c" -mcpu=cortex-m4 -std=gnu11 -g3 -DDEBUG -DUSE_HAL_DRIVER -DSTM32F411xE -c -I../Core/Inc -I../Drivers/STM32F4xx_HAL_Driver/Inc -I../Drivers/STM32F4xx_HAL_Driver/Inc/Legacy -I../Drivers/CMSIS/Device/ST/STM32F4xx/Include -I../Drivers/CMSIS/Include -O0 -ffunction-sections -fdata-sections -Wall -fstack-usage -fcyclomatic-complexity -MMD -MP -MF"Core/Src/main.d" -MT"Core/Src/main.o" --specs=nano.specs -mfpu=fpv4-sp-d16 -mfloat-abi=hard -mthumb -o "Core/Src/main.o"
In file included from ../Core/Src/main.c:48:
../Core/Src/../../../myLib/myLib.c: In function '__io_putchar':
../Core/Src/../../../myLib/myLib.c:3:35: warning: passing argument 2 of 'HAL_UART_Transmit' from incompatible pointer type [-Wincompatible-pointer-types]
    3 |         HAL_UART_Transmit(&huart2,&c,1,10);
      |                                   ^~
      |                                   |
      |                                   int *
In file included from ../Core/Inc/stm32f4xx_hal_conf.h:411,
                 from ../Drivers/STM32F4xx_HAL_Driver/Inc/stm32f4xx_hal.h:29,
                 from ../Core/Inc/main.h:30,
                 from ../Core/Src/main.c:20:
../Drivers/STM32F4xx_HAL_Driver/Inc/stm32f4xx_hal_uart.h:722:79: note: expected 'const uint8_t *' {aka 'const unsigned char *'} but argument is of type 'int *'
  722 | HAL_StatusTypeDef HAL_UART_Transmit(UART_HandleTypeDef *huart, const uint8_t *pData, uint16_t Size, uint32_t Timeout);
      |                                                                ~~~~~~~~~~~~~~~^~~~~
../Core/Src/main.c: In function 'main':
../Core/Src/main.c:113:5: warning: implicit declaration of function 'printf' [-Wimplicit-function-declaration]
  113 |     printf("X Value : %d\r\n",GetAdcValue());
      |     ^~~~~~
../Core/Src/main.c:49:1: note: include '<stdio.h>' or provide a declaration of 'printf'
   48 | #include "../../../myLib/myLib.c"
  +++ |+#include <stdio.h>
   49 | /* USER CODE END PV */
../Core/Src/main.c:113:5: warning: incompatible implicit declaration of built-in function 'printf' [-Wbuiltin-declaration-mismatch]
  113 |     printf("X Value : %d\r\n",GetAdcValue());
      |     ^~~~~~
../Core/Src/main.c:113:5: note: include '<stdio.h>' or provide a declaration of 'printf'
arm-none-eabi-gcc -o "zgpio-02.elf" @"objects.list"   -mcpu=cortex-m4 -T"C:\workspace_intel2\arm\zgpio-02\STM32F411RETX_FLASH.ld" --specs=nosys.specs -Wl,-Map="zgpio-02.map" -Wl,--gc-sections -static --specs=nano.specs -mfpu=fpv4-sp-d16 -mfloat-abi=hard -mthumb -Wl,--start-group -lc -lm -Wl,--end-group
Finished building target: zgpio-02.elf
 
arm-none-eabi-size   zgpio-02.elf 
arm-none-eabi-objdump -h -S  zgpio-02.elf  > "zgpio-02.list"
   text	   data	    bss	    dec	    hex	filename
  14912	    112	   2048	  17072	   42b0	zgpio-02.elf
Finished building: default.size.stdout
 
Finished building: zgpio-02.list
 
12:41:34 **** Incremental Build of configuration Debug for project zgpio-02 ****
make -j4 all 
arm-none-eabi-gcc "../Core/Src/main.c" -mcpu=cortex-m4 -std=gnu11 -g3 -DDEBUG -DUSE_HAL_DRIVER -DSTM32F411xE -c -I../Core/Inc -I../Drivers/STM32F4xx_HAL_Driver/Inc -I../Drivers/STM32F4xx_HAL_Driver/Inc/Legacy -I../Drivers/CMSIS/Device/ST/STM32F4xx/Include -I../Drivers/CMSIS/Include -O0 -ffunction-sections -fdata-sections -Wall -fstack-usage -fcyclomatic-complexity -MMD -MP -MF"Core/Src/main.d" -MT"Core/Src/main.o" --specs=nano.specs -mfpu=fpv4-sp-d16 -mfloat-abi=hard -mthumb -o "Core/Src/main.o"
In file included from ../Core/Src/main.c:48:
../Core/Src/../../../myLib/myLib.c: In function '__io_putchar':
../Core/Src/../../../myLib/myLib.c:3:35: warning: passing argument 2 of 'HAL_UART_Transmit' from incompatible pointer type [-Wincompatible-pointer-types]
    3 |         HAL_UART_Transmit(&huart2,&c,1,10);
      |                                   ^~
      |                                   |
      |                                   int *
In file included from ../Core/Inc/stm32f4xx_hal_conf.h:411,
                 from ../Drivers/STM32F4xx_HAL_Driver/Inc/stm32f4xx_hal.h:29,
                 from ../Core/Inc/main.h:30,
                 from ../Core/Src/main.c:20:
../Drivers/STM32F4xx_HAL_Driver/Inc/stm32f4xx_hal_uart.h:722:79: note: expected 'const uint8_t *' {aka 'const unsigned char *'} but argument is of type 'int *'
  722 | HAL_StatusTypeDef HAL_UART_Transmit(UART_HandleTypeDef *huart, const uint8_t *pData, uint16_t Size, uint32_t Timeout);
      |                                                                ~~~~~~~~~~~~~~~^~~~~
../Core/Src/main.c: In function 'main':
../Core/Src/main.c:113:5: warning: implicit declaration of function 'printf' [-Wimplicit-function-declaration]
  113 |     printf("X Value : %d\r\n",GetAdcValue());
      |     ^~~~~~
../Core/Src/main.c:49:1: note: include '<stdio.h>' or provide a declaration of 'printf'
   48 | #include "../../../myLib/myLib.c"
  +++ |+#include <stdio.h>
   49 | /* USER CODE END PV */
../Core/Src/main.c:113:5: warning: incompatible implicit declaration of built-in function 'printf' [-Wbuiltin-declaration-mismatch]
  113 |     printf("X Value : %d\r\n",GetAdcValue());
      |     ^~~~~~
../Core/Src/main.c:113:5: note: include '<stdio.h>' or provide a declaration of 'printf'
arm-none-eabi-gcc -o "zgpio-02.elf" @"objects.list"   -mcpu=cortex-m4 -T"C:\workspace_intel2\arm\zgpio-02\STM32F411RETX_FLASH.ld" --specs=nosys.specs -Wl,-Map="zgpio-02.map" -Wl,--gc-sections -static --specs=nano.specs -mfpu=fpv4-sp-d16 -mfloat-abi=hard -mthumb -Wl,--start-group -lc -lm -Wl,--end-group
Finished building target: zgpio-02.elf
 
arm-none-eabi-size   zgpio-02.elf 
arm-none-eabi-objdump -h -S  zgpio-02.elf  > "zgpio-02.list"
   text	   data	    bss	    dec	    hex	filename
  14912	    112	   2048	  17072	   42b0	zgpio-02.elf
Finished building: default.size.stdout
 
Finished building: zgpio-02.list
 
14:43:20 **** Incremental Build of configuration Debug for project zgpio-02 ****
make -j4 all 
arm-none-eabi-gcc "../Core/Src/main.c" -mcpu=cortex-m4 -std=gnu11 -g3 -DDEBUG -DUSE_HAL_DRIVER -DSTM32F411xE -c -I../Core/Inc -I../Drivers/STM32F4xx_HAL_Driver/Inc -I../Drivers/STM32F4xx_HAL_Driver/Inc/Legacy -I../Drivers/CMSIS/Device/ST/STM32F4xx/Include -I../Drivers/CMSIS/Include -O0 -ffunction-sections -fdata-sections -Wall -fstack-usage -fcyclomatic-complexity -MMD -MP -MF"Core/Src/main.d" -MT"Core/Src/main.o" --specs=nano.specs -mfpu=fpv4-sp-d16 -mfloat-abi=hard -mthumb -o "Core/Src/main.o"
arm-none-eabi-gcc "../Core/Src/stm32f4xx_hal_msp.c" -mcpu=cortex-m4 -std=gnu11 -g3 -DDEBUG -DUSE_HAL_DRIVER -DSTM32F411xE -c -I../Core/Inc -I../Drivers/STM32F4xx_HAL_Driver/Inc -I../Drivers/STM32F4xx_HAL_Driver/Inc/Legacy -I../Drivers/CMSIS/Device/ST/STM32F4xx/Include -I../Drivers/CMSIS/Include -O0 -ffunction-sections -fdata-sections -Wall -fstack-usage -fcyclomatic-complexity -MMD -MP -MF"Core/Src/stm32f4xx_hal_msp.d" -MT"Core/Src/stm32f4xx_hal_msp.o" --specs=nano.specs -mfpu=fpv4-sp-d16 -mfloat-abi=hard -mthumb -o "Core/Src/stm32f4xx_hal_msp.o"
arm-none-eabi-gcc "../Core/Src/stm32f4xx_it.c" -mcpu=cortex-m4 -std=gnu11 -g3 -DDEBUG -DUSE_HAL_DRIVER -DSTM32F411xE -c -I../Core/Inc -I../Drivers/STM32F4xx_HAL_Driver/Inc -I../Drivers/STM32F4xx_HAL_Driver/Inc/Legacy -I../Drivers/CMSIS/Device/ST/STM32F4xx/Include -I../Drivers/CMSIS/Include -O0 -ffunction-sections -fdata-sections -Wall -fstack-usage -fcyclomatic-complexity -MMD -MP -MF"Core/Src/stm32f4xx_it.d" -MT"Core/Src/stm32f4xx_it.o" --specs=nano.specs -mfpu=fpv4-sp-d16 -mfloat-abi=hard -mthumb -o "Core/Src/stm32f4xx_it.o"
In file included from ../Core/Src/main.c:48:
../Core/Src/../../../myLib/myLib.c: In function '__io_putchar':
../Core/Src/../../../myLib/myLib.c:3:35: warning: passing argument 2 of 'HAL_UART_Transmit' from incompatible pointer type [-Wincompatible-pointer-types]
    3 |         HAL_UART_Transmit(&huart2,&c,1,10);
      |                                   ^~
      |                                   |
      |                                   int *
In file included from ../Core/Inc/stm32f4xx_hal_conf.h:411,
                 from ../Drivers/STM32F4xx_HAL_Driver/Inc/stm32f4xx_hal.h:29,
                 from ../Core/Inc/main.h:30,
                 from ../Core/Src/main.c:20:
../Drivers/STM32F4xx_HAL_Driver/Inc/stm32f4xx_hal_uart.h:722:79: note: expected 'const uint8_t *' {aka 'const unsigned char *'} but argument is of type 'int *'
  722 | HAL_StatusTypeDef HAL_UART_Transmit(UART_HandleTypeDef *huart, const uint8_t *pData, uint16_t Size, uint32_t Timeout);
      |                                                                ~~~~~~~~~~~~~~~^~~~~
../Core/Src/main.c: In function 'main':
../Core/Src/main.c:127:5: warning: implicit declaration of function 'printf' [-Wimplicit-function-declaration]
  127 |     printf("X Value : %d\r\n",xvalue);
      |     ^~~~~~
../Core/Src/main.c:49:1: note: include '<stdio.h>' or provide a declaration of 'printf'
   48 | #include "../../../myLib/myLib.c"
  +++ |+#include <stdio.h>
   49 | /* USER CODE END PV */
../Core/Src/main.c:127:5: warning: incompatible implicit declaration of built-in function 'printf' [-Wbuiltin-declaration-mismatch]
  127 |     printf("X Value : %d\r\n",xvalue);
      |     ^~~~~~
../Core/Src/main.c:127:5: note: include '<stdio.h>' or provide a declaration of 'printf'
arm-none-eabi-gcc -o "zgpio-02.elf" @"objects.list"   -mcpu=cortex-m4 -T"C:\workspace_intel2\arm\zgpio-02\STM32F411RETX_FLASH.ld" --specs=nosys.specs -Wl,-Map="zgpio-02.map" -Wl,--gc-sections -static --specs=nano.specs -mfpu=fpv4-sp-d16 -mfloat-abi=hard -mthumb -Wl,--start-group -lc -lm -Wl,--end-group
Finished building target: zgpio-02.elf
 
arm-none-eabi-size   zgpio-02.elf 
arm-none-eabi-objdump -h -S  zgpio-02.elf  > "zgpio-02.list"
   text	   data	    bss	    dec	    hex	filename
  15440	    120	   2048	  17608	   44c8	zgpio-02.elf
Finished building: default.size.stdout
 
Finished building: zgpio-02.list
 
14:45:02 **** Incremental Build of configuration Debug for project zgpio-02 ****
make -j4 all 
arm-none-eabi-gcc "../Core/Src/main.c" -mcpu=cortex-m4 -std=gnu11 -g3 -DDEBUG -DUSE_HAL_DRIVER -DSTM32F411xE -c -I../Core/Inc -I../Drivers/STM32F4xx_HAL_Driver/Inc -I../Drivers/STM32F4xx_HAL_Driver/Inc/Legacy -I../Drivers/CMSIS/Device/ST/STM32F4xx/Include -I../Drivers/CMSIS/Include -O0 -ffunction-sections -fdata-sections -Wall -fstack-usage -fcyclomatic-complexity -MMD -MP -MF"Core/Src/main.d" -MT"Core/Src/main.o" --specs=nano.specs -mfpu=fpv4-sp-d16 -mfloat-abi=hard -mthumb -o "Core/Src/main.o"
In file included from ../Core/Src/main.c:48:
../Core/Src/../../../myLib/myLib.c: In function '__io_putchar':
../Core/Src/../../../myLib/myLib.c:3:35: warning: passing argument 2 of 'HAL_UART_Transmit' from incompatible pointer type [-Wincompatible-pointer-types]
    3 |         HAL_UART_Transmit(&huart2,&c,1,10);
      |                                   ^~
      |                                   |
      |                                   int *
In file included from ../Core/Inc/stm32f4xx_hal_conf.h:411,
                 from ../Drivers/STM32F4xx_HAL_Driver/Inc/stm32f4xx_hal.h:29,
                 from ../Core/Inc/main.h:30,
                 from ../Core/Src/main.c:20:
../Drivers/STM32F4xx_HAL_Driver/Inc/stm32f4xx_hal_uart.h:722:79: note: expected 'const uint8_t *' {aka 'const unsigned char *'} but argument is of type 'int *'
  722 | HAL_StatusTypeDef HAL_UART_Transmit(UART_HandleTypeDef *huart, const uint8_t *pData, uint16_t Size, uint32_t Timeout);
      |                                                                ~~~~~~~~~~~~~~~^~~~~
../Core/Src/main.c: In function 'HAL_ADC_ConvCpltCallback':
../Core/Src/main.c:82:5: warning: implicit declaration of function 'printf' [-Wimplicit-function-declaration]
   82 |     printf ("X Value : %d\r\n", xvalue);
      |     ^~~~~~
../Core/Src/main.c:49:1: note: include '<stdio.h>' or provide a declaration of 'printf'
   48 | #include "../../../myLib/myLib.c"
  +++ |+#include <stdio.h>
   49 | /* USER CODE END PV */
../Core/Src/main.c:82:5: warning: incompatible implicit declaration of built-in function 'printf' [-Wbuiltin-declaration-mismatch]
   82 |     printf ("X Value : %d\r\n", xvalue);
      |     ^~~~~~
../Core/Src/main.c:82:5: note: include '<stdio.h>' or provide a declaration of 'printf'
arm-none-eabi-gcc -o "zgpio-02.elf" @"objects.list"   -mcpu=cortex-m4 -T"C:\workspace_intel2\arm\zgpio-02\STM32F411RETX_FLASH.ld" --specs=nosys.specs -Wl,-Map="zgpio-02.map" -Wl,--gc-sections -static --specs=nano.specs -mfpu=fpv4-sp-d16 -mfloat-abi=hard -mthumb -Wl,--start-group -lc -lm -Wl,--end-group
Finished building target: zgpio-02.elf
 
arm-none-eabi-size   zgpio-02.elf 
arm-none-eabi-objdump -h -S  zgpio-02.elf  > "zgpio-02.list"
   text	   data	    bss	    dec	    hex	filename
  15352	    120	   2048	  17520	   4470	zgpio-02.elf
Finished building: default.size.stdout
 
Finished building: zgpio-02.list
 
14:54:18 **** Incremental Build of configuration Debug for project zgpio-02 ****
make -j4 all 
arm-none-eabi-gcc "../Core/Src/main.c" -mcpu=cortex-m4 -std=gnu11 -g3 -DDEBUG -DUSE_HAL_DRIVER -DSTM32F411xE -c -I../Core/Inc -I../Drivers/STM32F4xx_HAL_Driver/Inc -I../Drivers/STM32F4xx_HAL_Driver/Inc/Legacy -I../Drivers/CMSIS/Device/ST/STM32F4xx/Include -I../Drivers/CMSIS/Include -O0 -ffunction-sections -fdata-sections -Wall -fstack-usage -fcyclomatic-complexity -MMD -MP -MF"Core/Src/main.d" -MT"Core/Src/main.o" --specs=nano.specs -mfpu=fpv4-sp-d16 -mfloat-abi=hard -mthumb -o "Core/Src/main.o"
In file included from ../Core/Src/main.c:48:
../Core/Src/../../../myLib/myLib.c: In function '__io_putchar':
../Core/Src/../../../myLib/myLib.c:3:35: warning: passing argument 2 of 'HAL_UART_Transmit' from incompatible pointer type [-Wincompatible-pointer-types]
    3 |         HAL_UART_Transmit(&huart2,&c,1,10);
      |                                   ^~
      |                                   |
      |                                   int *
In file included from ../Core/Inc/stm32f4xx_hal_conf.h:411,
                 from ../Drivers/STM32F4xx_HAL_Driver/Inc/stm32f4xx_hal.h:29,
                 from ../Core/Inc/main.h:30,
                 from ../Core/Src/main.c:20:
../Drivers/STM32F4xx_HAL_Driver/Inc/stm32f4xx_hal_uart.h:722:79: note: expected 'const uint8_t *' {aka 'const unsigned char *'} but argument is of type 'int *'
  722 | HAL_StatusTypeDef HAL_UART_Transmit(UART_HandleTypeDef *huart, const uint8_t *pData, uint16_t Size, uint32_t Timeout);
      |                                                                ~~~~~~~~~~~~~~~^~~~~
../Core/Src/main.c: In function 'HAL_ADC_ConvCpltCallback':
../Core/Src/main.c:82:5: warning: implicit declaration of function 'printf' [-Wimplicit-function-declaration]
   82 |     printf ("X Value : %d\r\n", xvalue);
      |     ^~~~~~
../Core/Src/main.c:49:1: note: include '<stdio.h>' or provide a declaration of 'printf'
   48 | #include "../../../myLib/myLib.c"
  +++ |+#include <stdio.h>
   49 | /* USER CODE END PV */
../Core/Src/main.c:82:5: warning: incompatible implicit declaration of built-in function 'printf' [-Wbuiltin-declaration-mismatch]
   82 |     printf ("X Value : %d\r\n", xvalue);
      |     ^~~~~~
../Core/Src/main.c:82:5: note: include '<stdio.h>' or provide a declaration of 'printf'
arm-none-eabi-gcc -o "zgpio-02.elf" @"objects.list"   -mcpu=cortex-m4 -T"C:\workspace_intel2\arm\zgpio-02\STM32F411RETX_FLASH.ld" --specs=nosys.specs -Wl,-Map="zgpio-02.map" -Wl,--gc-sections -static --specs=nano.specs -mfpu=fpv4-sp-d16 -mfloat-abi=hard -mthumb -Wl,--start-group -lc -lm -Wl,--end-group
Finished building target: zgpio-02.elf
 
arm-none-eabi-size   zgpio-02.elf 
arm-none-eabi-objdump -h -S  zgpio-02.elf  > "zgpio-02.list"
   text	   data	    bss	    dec	    hex	filename
  15396	    120	   2048	  17564	   449c	zgpio-02.elf
Finished building: default.size.stdout
 
Finished building: zgpio-02.list
 
16:37:14 **** Incremental Build of configuration Debug for project zgpio-02 ****
make -j4 all 
arm-none-eabi-gcc "../Drivers/STM32F4xx_HAL_Driver/Src/stm32f4xx_hal.c" -mcpu=cortex-m4 -std=gnu11 -g3 -DDEBUG -DUSE_HAL_DRIVER -DSTM32F411xE -c -I../Core/Inc -I../Drivers/STM32F4xx_HAL_Driver/Inc -I../Drivers/STM32F4xx_HAL_Driver/Inc/Legacy -I../Drivers/CMSIS/Device/ST/STM32F4xx/Include -I../Drivers/CMSIS/Include -O0 -ffunction-sections -fdata-sections -Wall -fstack-usage -fcyclomatic-complexity -MMD -MP -MF"Drivers/STM32F4xx_HAL_Driver/Src/stm32f4xx_hal.d" -MT"Drivers/STM32F4xx_HAL_Driver/Src/stm32f4xx_hal.o" --specs=nano.specs -mfpu=fpv4-sp-d16 -mfloat-abi=hard -mthumb -o "Drivers/STM32F4xx_HAL_Driver/Src/stm32f4xx_hal.o"
arm-none-eabi-gcc "../Drivers/STM32F4xx_HAL_Driver/Src/stm32f4xx_hal_adc.c" -mcpu=cortex-m4 -std=gnu11 -g3 -DDEBUG -DUSE_HAL_DRIVER -DSTM32F411xE -c -I../Core/Inc -I../Drivers/STM32F4xx_HAL_Driver/Inc -I../Drivers/STM32F4xx_HAL_Driver/Inc/Legacy -I../Drivers/CMSIS/Device/ST/STM32F4xx/Include -I../Drivers/CMSIS/Include -O0 -ffunction-sections -fdata-sections -Wall -fstack-usage -fcyclomatic-complexity -MMD -MP -MF"Drivers/STM32F4xx_HAL_Driver/Src/stm32f4xx_hal_adc.d" -MT"Drivers/STM32F4xx_HAL_Driver/Src/stm32f4xx_hal_adc.o" --specs=nano.specs -mfpu=fpv4-sp-d16 -mfloat-abi=hard -mthumb -o "Drivers/STM32F4xx_HAL_Driver/Src/stm32f4xx_hal_adc.o"
arm-none-eabi-gcc "../Drivers/STM32F4xx_HAL_Driver/Src/stm32f4xx_hal_adc_ex.c" -mcpu=cortex-m4 -std=gnu11 -g3 -DDEBUG -DUSE_HAL_DRIVER -DSTM32F411xE -c -I../Core/Inc -I../Drivers/STM32F4xx_HAL_Driver/Inc -I../Drivers/STM32F4xx_HAL_Driver/Inc/Legacy -I../Drivers/CMSIS/Device/ST/STM32F4xx/Include -I../Drivers/CMSIS/Include -O0 -ffunction-sections -fdata-sections -Wall -fstack-usage -fcyclomatic-complexity -MMD -MP -MF"Drivers/STM32F4xx_HAL_Driver/Src/stm32f4xx_hal_adc_ex.d" -MT"Drivers/STM32F4xx_HAL_Driver/Src/stm32f4xx_hal_adc_ex.o" --specs=nano.specs -mfpu=fpv4-sp-d16 -mfloat-abi=hard -mthumb -o "Drivers/STM32F4xx_HAL_Driver/Src/stm32f4xx_hal_adc_ex.o"
arm-none-eabi-gcc "../Drivers/STM32F4xx_HAL_Driver/Src/stm32f4xx_hal_cortex.c" -mcpu=cortex-m4 -std=gnu11 -g3 -DDEBUG -DUSE_HAL_DRIVER -DSTM32F411xE -c -I../Core/Inc -I../Drivers/STM32F4xx_HAL_Driver/Inc -I../Drivers/STM32F4xx_HAL_Driver/Inc/Legacy -I../Drivers/CMSIS/Device/ST/STM32F4xx/Include -I../Drivers/CMSIS/Include -O0 -ffunction-sections -fdata-sections -Wall -fstack-usage -fcyclomatic-complexity -MMD -MP -MF"Drivers/STM32F4xx_HAL_Driver/Src/stm32f4xx_hal_cortex.d" -MT"Drivers/STM32F4xx_HAL_Driver/Src/stm32f4xx_hal_cortex.o" --specs=nano.specs -mfpu=fpv4-sp-d16 -mfloat-abi=hard -mthumb -o "Drivers/STM32F4xx_HAL_Driver/Src/stm32f4xx_hal_cortex.o"
arm-none-eabi-gcc "../Drivers/STM32F4xx_HAL_Driver/Src/stm32f4xx_hal_dma.c" -mcpu=cortex-m4 -std=gnu11 -g3 -DDEBUG -DUSE_HAL_DRIVER -DSTM32F411xE -c -I../Core/Inc -I../Drivers/STM32F4xx_HAL_Driver/Inc -I../Drivers/STM32F4xx_HAL_Driver/Inc/Legacy -I../Drivers/CMSIS/Device/ST/STM32F4xx/Include -I../Drivers/CMSIS/Include -O0 -ffunction-sections -fdata-sections -Wall -fstack-usage -fcyclomatic-complexity -MMD -MP -MF"Drivers/STM32F4xx_HAL_Driver/Src/stm32f4xx_hal_dma.d" -MT"Drivers/STM32F4xx_HAL_Driver/Src/stm32f4xx_hal_dma.o" --specs=nano.specs -mfpu=fpv4-sp-d16 -mfloat-abi=hard -mthumb -o "Drivers/STM32F4xx_HAL_Driver/Src/stm32f4xx_hal_dma.o"
arm-none-eabi-gcc "../Drivers/STM32F4xx_HAL_Driver/Src/stm32f4xx_hal_dma_ex.c" -mcpu=cortex-m4 -std=gnu11 -g3 -DDEBUG -DUSE_HAL_DRIVER -DSTM32F411xE -c -I../Core/Inc -I../Drivers/STM32F4xx_HAL_Driver/Inc -I../Drivers/STM32F4xx_HAL_Driver/Inc/Legacy -I../Drivers/CMSIS/Device/ST/STM32F4xx/Include -I../Drivers/CMSIS/Include -O0 -ffunction-sections -fdata-sections -Wall -fstack-usage -fcyclomatic-complexity -MMD -MP -MF"Drivers/STM32F4xx_HAL_Driver/Src/stm32f4xx_hal_dma_ex.d" -MT"Drivers/STM32F4xx_HAL_Driver/Src/stm32f4xx_hal_dma_ex.o" --specs=nano.specs -mfpu=fpv4-sp-d16 -mfloat-abi=hard -mthumb -o "Drivers/STM32F4xx_HAL_Driver/Src/stm32f4xx_hal_dma_ex.o"
arm-none-eabi-gcc "../Drivers/STM32F4xx_HAL_Driver/Src/stm32f4xx_hal_exti.c" -mcpu=cortex-m4 -std=gnu11 -g3 -DDEBUG -DUSE_HAL_DRIVER -DSTM32F411xE -c -I../Core/Inc -I../Drivers/STM32F4xx_HAL_Driver/Inc -I../Drivers/STM32F4xx_HAL_Driver/Inc/Legacy -I../Drivers/CMSIS/Device/ST/STM32F4xx/Include -I../Drivers/CMSIS/Include -O0 -ffunction-sections -fdata-sections -Wall -fstack-usage -fcyclomatic-complexity -MMD -MP -MF"Drivers/STM32F4xx_HAL_Driver/Src/stm32f4xx_hal_exti.d" -MT"Drivers/STM32F4xx_HAL_Driver/Src/stm32f4xx_hal_exti.o" --specs=nano.specs -mfpu=fpv4-sp-d16 -mfloat-abi=hard -mthumb -o "Drivers/STM32F4xx_HAL_Driver/Src/stm32f4xx_hal_exti.o"
arm-none-eabi-gcc "../Drivers/STM32F4xx_HAL_Driver/Src/stm32f4xx_hal_flash.c" -mcpu=cortex-m4 -std=gnu11 -g3 -DDEBUG -DUSE_HAL_DRIVER -DSTM32F411xE -c -I../Core/Inc -I../Drivers/STM32F4xx_HAL_Driver/Inc -I../Drivers/STM32F4xx_HAL_Driver/Inc/Legacy -I../Drivers/CMSIS/Device/ST/STM32F4xx/Include -I../Drivers/CMSIS/Include -O0 -ffunction-sections -fdata-sections -Wall -fstack-usage -fcyclomatic-complexity -MMD -MP -MF"Drivers/STM32F4xx_HAL_Driver/Src/stm32f4xx_hal_flash.d" -MT"Drivers/STM32F4xx_HAL_Driver/Src/stm32f4xx_hal_flash.o" --specs=nano.specs -mfpu=fpv4-sp-d16 -mfloat-abi=hard -mthumb -o "Drivers/STM32F4xx_HAL_Driver/Src/stm32f4xx_hal_flash.o"
arm-none-eabi-gcc "../Drivers/STM32F4xx_HAL_Driver/Src/stm32f4xx_hal_flash_ex.c" -mcpu=cortex-m4 -std=gnu11 -g3 -DDEBUG -DUSE_HAL_DRIVER -DSTM32F411xE -c -I../Core/Inc -I../Drivers/STM32F4xx_HAL_Driver/Inc -I../Drivers/STM32F4xx_HAL_Driver/Inc/Legacy -I../Drivers/CMSIS/Device/ST/STM32F4xx/Include -I../Drivers/CMSIS/Include -O0 -ffunction-sections -fdata-sections -Wall -fstack-usage -fcyclomatic-complexity -MMD -MP -MF"Drivers/STM32F4xx_HAL_Driver/Src/stm32f4xx_hal_flash_ex.d" -MT"Drivers/STM32F4xx_HAL_Driver/Src/stm32f4xx_hal_flash_ex.o" --specs=nano.specs -mfpu=fpv4-sp-d16 -mfloat-abi=hard -mthumb -o "Drivers/STM32F4xx_HAL_Driver/Src/stm32f4xx_hal_flash_ex.o"
arm-none-eabi-gcc "../Drivers/STM32F4xx_HAL_Driver/Src/stm32f4xx_hal_flash_ramfunc.c" -mcpu=cortex-m4 -std=gnu11 -g3 -DDEBUG -DUSE_HAL_DRIVER -DSTM32F411xE -c -I../Core/Inc -I../Drivers/STM32F4xx_HAL_Driver/Inc -I../Drivers/STM32F4xx_HAL_Driver/Inc/Legacy -I../Drivers/CMSIS/Device/ST/STM32F4xx/Include -I../Drivers/CMSIS/Include -O0 -ffunction-sections -fdata-sections -Wall -fstack-usage -fcyclomatic-complexity -MMD -MP -MF"Drivers/STM32F4xx_HAL_Driver/Src/stm32f4xx_hal_flash_ramfunc.d" -MT"Drivers/STM32F4xx_HAL_Driver/Src/stm32f4xx_hal_flash_ramfunc.o" --specs=nano.specs -mfpu=fpv4-sp-d16 -mfloat-abi=hard -mthumb -o "Drivers/STM32F4xx_HAL_Driver/Src/stm32f4xx_hal_flash_ramfunc.o"
arm-none-eabi-gcc "../Drivers/STM32F4xx_HAL_Driver/Src/stm32f4xx_hal_gpio.c" -mcpu=cortex-m4 -std=gnu11 -g3 -DDEBUG -DUSE_HAL_DRIVER -DSTM32F411xE -c -I../Core/Inc -I../Drivers/STM32F4xx_HAL_Driver/Inc -I../Drivers/STM32F4xx_HAL_Driver/Inc/Legacy -I../Drivers/CMSIS/Device/ST/STM32F4xx/Include -I../Drivers/CMSIS/Include -O0 -ffunction-sections -fdata-sections -Wall -fstack-usage -fcyclomatic-complexity -MMD -MP -MF"Drivers/STM32F4xx_HAL_Driver/Src/stm32f4xx_hal_gpio.d" -MT"Drivers/STM32F4xx_HAL_Driver/Src/stm32f4xx_hal_gpio.o" --specs=nano.specs -mfpu=fpv4-sp-d16 -mfloat-abi=hard -mthumb -o "Drivers/STM32F4xx_HAL_Driver/Src/stm32f4xx_hal_gpio.o"
arm-none-eabi-gcc "../Drivers/STM32F4xx_HAL_Driver/Src/stm32f4xx_hal_pwr.c" -mcpu=cortex-m4 -std=gnu11 -g3 -DDEBUG -DUSE_HAL_DRIVER -DSTM32F411xE -c -I../Core/Inc -I../Drivers/STM32F4xx_HAL_Driver/Inc -I../Drivers/STM32F4xx_HAL_Driver/Inc/Legacy -I../Drivers/CMSIS/Device/ST/STM32F4xx/Include -I../Drivers/CMSIS/Include -O0 -ffunction-sections -fdata-sections -Wall -fstack-usage -fcyclomatic-complexity -MMD -MP -MF"Drivers/STM32F4xx_HAL_Driver/Src/stm32f4xx_hal_pwr.d" -MT"Drivers/STM32F4xx_HAL_Driver/Src/stm32f4xx_hal_pwr.o" --specs=nano.specs -mfpu=fpv4-sp-d16 -mfloat-abi=hard -mthumb -o "Drivers/STM32F4xx_HAL_Driver/Src/stm32f4xx_hal_pwr.o"
arm-none-eabi-gcc "../Drivers/STM32F4xx_HAL_Driver/Src/stm32f4xx_hal_pwr_ex.c" -mcpu=cortex-m4 -std=gnu11 -g3 -DDEBUG -DUSE_HAL_DRIVER -DSTM32F411xE -c -I../Core/Inc -I../Drivers/STM32F4xx_HAL_Driver/Inc -I../Drivers/STM32F4xx_HAL_Driver/Inc/Legacy -I../Drivers/CMSIS/Device/ST/STM32F4xx/Include -I../Drivers/CMSIS/Include -O0 -ffunction-sections -fdata-sections -Wall -fstack-usage -fcyclomatic-complexity -MMD -MP -MF"Drivers/STM32F4xx_HAL_Driver/Src/stm32f4xx_hal_pwr_ex.d" -MT"Drivers/STM32F4xx_HAL_Driver/Src/stm32f4xx_hal_pwr_ex.o" --specs=nano.specs -mfpu=fpv4-sp-d16 -mfloat-abi=hard -mthumb -o "Drivers/STM32F4xx_HAL_Driver/Src/stm32f4xx_hal_pwr_ex.o"
arm-none-eabi-gcc "../Drivers/STM32F4xx_HAL_Driver/Src/stm32f4xx_hal_rcc.c" -mcpu=cortex-m4 -std=gnu11 -g3 -DDEBUG -DUSE_HAL_DRIVER -DSTM32F411xE -c -I../Core/Inc -I../Drivers/STM32F4xx_HAL_Driver/Inc -I../Drivers/STM32F4xx_HAL_Driver/Inc/Legacy -I../Drivers/CMSIS/Device/ST/STM32F4xx/Include -I../Drivers/CMSIS/Include -O0 -ffunction-sections -fdata-sections -Wall -fstack-usage -fcyclomatic-complexity -MMD -MP -MF"Drivers/STM32F4xx_HAL_Driver/Src/stm32f4xx_hal_rcc.d" -MT"Drivers/STM32F4xx_HAL_Driver/Src/stm32f4xx_hal_rcc.o" --specs=nano.specs -mfpu=fpv4-sp-d16 -mfloat-abi=hard -mthumb -o "Drivers/STM32F4xx_HAL_Driver/Src/stm32f4xx_hal_rcc.o"
arm-none-eabi-gcc "../Drivers/STM32F4xx_HAL_Driver/Src/stm32f4xx_hal_rcc_ex.c" -mcpu=cortex-m4 -std=gnu11 -g3 -DDEBUG -DUSE_HAL_DRIVER -DSTM32F411xE -c -I../Core/Inc -I../Drivers/STM32F4xx_HAL_Driver/Inc -I../Drivers/STM32F4xx_HAL_Driver/Inc/Legacy -I../Drivers/CMSIS/Device/ST/STM32F4xx/Include -I../Drivers/CMSIS/Include -O0 -ffunction-sections -fdata-sections -Wall -fstack-usage -fcyclomatic-complexity -MMD -MP -MF"Drivers/STM32F4xx_HAL_Driver/Src/stm32f4xx_hal_rcc_ex.d" -MT"Drivers/STM32F4xx_HAL_Driver/Src/stm32f4xx_hal_rcc_ex.o" --specs=nano.specs -mfpu=fpv4-sp-d16 -mfloat-abi=hard -mthumb -o "Drivers/STM32F4xx_HAL_Driver/Src/stm32f4xx_hal_rcc_ex.o"
arm-none-eabi-gcc "../Drivers/STM32F4xx_HAL_Driver/Src/stm32f4xx_hal_tim.c" -mcpu=cortex-m4 -std=gnu11 -g3 -DDEBUG -DUSE_HAL_DRIVER -DSTM32F411xE -c -I../Core/Inc -I../Drivers/STM32F4xx_HAL_Driver/Inc -I../Drivers/STM32F4xx_HAL_Driver/Inc/Legacy -I../Drivers/CMSIS/Device/ST/STM32F4xx/Include -I../Drivers/CMSIS/Include -O0 -ffunction-sections -fdata-sections -Wall -fstack-usage -fcyclomatic-complexity -MMD -MP -MF"Drivers/STM32F4xx_HAL_Driver/Src/stm32f4xx_hal_tim.d" -MT"Drivers/STM32F4xx_HAL_Driver/Src/stm32f4xx_hal_tim.o" --specs=nano.specs -mfpu=fpv4-sp-d16 -mfloat-abi=hard -mthumb -o "Drivers/STM32F4xx_HAL_Driver/Src/stm32f4xx_hal_tim.o"
arm-none-eabi-gcc "../Drivers/STM32F4xx_HAL_Driver/Src/stm32f4xx_hal_tim_ex.c" -mcpu=cortex-m4 -std=gnu11 -g3 -DDEBUG -DUSE_HAL_DRIVER -DSTM32F411xE -c -I../Core/Inc -I../Drivers/STM32F4xx_HAL_Driver/Inc -I../Drivers/STM32F4xx_HAL_Driver/Inc/Legacy -I../Drivers/CMSIS/Device/ST/STM32F4xx/Include -I../Drivers/CMSIS/Include -O0 -ffunction-sections -fdata-sections -Wall -fstack-usage -fcyclomatic-complexity -MMD -MP -MF"Drivers/STM32F4xx_HAL_Driver/Src/stm32f4xx_hal_tim_ex.d" -MT"Drivers/STM32F4xx_HAL_Driver/Src/stm32f4xx_hal_tim_ex.o" --specs=nano.specs -mfpu=fpv4-sp-d16 -mfloat-abi=hard -mthumb -o "Drivers/STM32F4xx_HAL_Driver/Src/stm32f4xx_hal_tim_ex.o"
arm-none-eabi-gcc "../Drivers/STM32F4xx_HAL_Driver/Src/stm32f4xx_hal_uart.c" -mcpu=cortex-m4 -std=gnu11 -g3 -DDEBUG -DUSE_HAL_DRIVER -DSTM32F411xE -c -I../Core/Inc -I../Drivers/STM32F4xx_HAL_Driver/Inc -I../Drivers/STM32F4xx_HAL_Driver/Inc/Legacy -I../Drivers/CMSIS/Device/ST/STM32F4xx/Include -I../Drivers/CMSIS/Include -O0 -ffunction-sections -fdata-sections -Wall -fstack-usage -fcyclomatic-complexity -MMD -MP -MF"Drivers/STM32F4xx_HAL_Driver/Src/stm32f4xx_hal_uart.d" -MT"Drivers/STM32F4xx_HAL_Driver/Src/stm32f4xx_hal_uart.o" --specs=nano.specs -mfpu=fpv4-sp-d16 -mfloat-abi=hard -mthumb -o "Drivers/STM32F4xx_HAL_Driver/Src/stm32f4xx_hal_uart.o"
arm-none-eabi-gcc "../Core/Src/main.c" -mcpu=cortex-m4 -std=gnu11 -g3 -DDEBUG -DUSE_HAL_DRIVER -DSTM32F411xE -c -I../Core/Inc -I../Drivers/STM32F4xx_HAL_Driver/Inc -I../Drivers/STM32F4xx_HAL_Driver/Inc/Legacy -I../Drivers/CMSIS/Device/ST/STM32F4xx/Include -I../Drivers/CMSIS/Include -O0 -ffunction-sections -fdata-sections -Wall -fstack-usage -fcyclomatic-complexity -MMD -MP -MF"Core/Src/main.d" -MT"Core/Src/main.o" --specs=nano.specs -mfpu=fpv4-sp-d16 -mfloat-abi=hard -mthumb -o "Core/Src/main.o"
arm-none-eabi-gcc "../Core/Src/stm32f4xx_hal_msp.c" -mcpu=cortex-m4 -std=gnu11 -g3 -DDEBUG -DUSE_HAL_DRIVER -DSTM32F411xE -c -I../Core/Inc -I../Drivers/STM32F4xx_HAL_Driver/Inc -I../Drivers/STM32F4xx_HAL_Driver/Inc/Legacy -I../Drivers/CMSIS/Device/ST/STM32F4xx/Include -I../Drivers/CMSIS/Include -O0 -ffunction-sections -fdata-sections -Wall -fstack-usage -fcyclomatic-complexity -MMD -MP -MF"Core/Src/stm32f4xx_hal_msp.d" -MT"Core/Src/stm32f4xx_hal_msp.o" --specs=nano.specs -mfpu=fpv4-sp-d16 -mfloat-abi=hard -mthumb -o "Core/Src/stm32f4xx_hal_msp.o"
arm-none-eabi-gcc "../Core/Src/stm32f4xx_it.c" -mcpu=cortex-m4 -std=gnu11 -g3 -DDEBUG -DUSE_HAL_DRIVER -DSTM32F411xE -c -I../Core/Inc -I../Drivers/STM32F4xx_HAL_Driver/Inc -I../Drivers/STM32F4xx_HAL_Driver/Inc/Legacy -I../Drivers/CMSIS/Device/ST/STM32F4xx/Include -I../Drivers/CMSIS/Include -O0 -ffunction-sections -fdata-sections -Wall -fstack-usage -fcyclomatic-complexity -MMD -MP -MF"Core/Src/stm32f4xx_it.d" -MT"Core/Src/stm32f4xx_it.o" --specs=nano.specs -mfpu=fpv4-sp-d16 -mfloat-abi=hard -mthumb -o "Core/Src/stm32f4xx_it.o"
In file included from ../Core/Src/main.c:52:
../Core/Src/../../../myLib/myLib.c: In function '__io_putchar':
../Core/Src/../../../myLib/myLib.c:3:35: warning: passing argument 2 of 'HAL_UART_Transmit' from incompatible pointer type [-Wincompatible-pointer-types]
    3 |         HAL_UART_Transmit(&huart2,&c,1,10);
      |                                   ^~
      |                                   |
      |                                   int *
In file included from ../Core/Inc/stm32f4xx_hal_conf.h:411,
                 from ../Drivers/STM32F4xx_HAL_Driver/Inc/stm32f4xx_hal.h:29,
                 from ../Core/Inc/main.h:30,
                 from ../Core/Src/main.c:20:
../Drivers/STM32F4xx_HAL_Driver/Inc/stm32f4xx_hal_uart.h:722:79: note: expected 'const uint8_t *' {aka 'const unsigned char *'} but argument is of type 'int *'
  722 | HAL_StatusTypeDef HAL_UART_Transmit(UART_HandleTypeDef *huart, const uint8_t *pData, uint16_t Size, uint32_t Timeout);
      |                                                                ~~~~~~~~~~~~~~~^~~~~
../Core/Src/main.c: In function 'myDelay':
../Core/Src/main.c:75:7: warning: implicit declaration of function 'no0p' [-Wimplicit-function-declaration]
   75 |       no0p();
      |       ^~~~
../Core/Src/main.c: At top level:
../Core/Src/main.c:90:6: warning: conflicting types for 'no0p'; have 'void()'
   90 | void no0p(){}
      |      ^~~~
../Core/Src/main.c:75:7: note: previous implicit declaration of 'no0p' with type 'void()'
   75 |       no0p();
      |       ^~~~
../Core/Src/main.c: In function 'HAL_ADC_ConvCpltCallback':
../Core/Src/main.c:99:5: warning: implicit declaration of function 'printf' [-Wimplicit-function-declaration]
   99 |     printf ("X Value : %d\r\n", xvalue);
      |     ^~~~~~
../Core/Src/main.c:53:1: note: include '<stdio.h>' or provide a declaration of 'printf'
   52 | #include "../../../myLib/myLib.c"
  +++ |+#include <stdio.h>
   53 | /* USER CODE END PV */
../Core/Src/main.c:99:5: warning: incompatible implicit declaration of built-in function 'printf' [-Wbuiltin-declaration-mismatch]
   99 |     printf ("X Value : %d\r\n", xvalue);
      |     ^~~~~~
../Core/Src/main.c:99:5: note: include '<stdio.h>' or provide a declaration of 'printf'
../Core/Src/main.c: In function 'main':
../Core/Src/main.c:146:3: warning: incompatible implicit declaration of built-in function 'printf' [-Wbuiltin-declaration-mismatch]
  146 |   printf("\033[1J\033[1;1HProgram Restart...\r\n");
      |   ^~~~~~
../Core/Src/main.c:146:3: note: include '<stdio.h>' or provide a declaration of 'printf'
../Core/Src/main.c:148:28: error: 'dvalue' undeclared (first use in this function); did you mean 'dValue'?
  148 |   HAL_ADC_Start_DMA(&hadc1,dvalue,2);
      |                            ^~~~~~
      |                            dValue
../Core/Src/main.c:148:28: note: each undeclared identifier is reported only once for each function it appears in
make: *** [Core/Src/subdir.mk:34: Core/Src/main.o] Error 1
make: *** Waiting for unfinished jobs....
"make -j4 all" terminated with exit code 2. Build might be incomplete.
16:37:42 **** Incremental Build of configuration Debug for project zgpio-02 ****
make -j4 all 
arm-none-eabi-gcc "../Core/Src/main.c" -mcpu=cortex-m4 -std=gnu11 -g3 -DDEBUG -DUSE_HAL_DRIVER -DSTM32F411xE -c -I../Core/Inc -I../Drivers/STM32F4xx_HAL_Driver/Inc -I../Drivers/STM32F4xx_HAL_Driver/Inc/Legacy -I../Drivers/CMSIS/Device/ST/STM32F4xx/Include -I../Drivers/CMSIS/Include -O0 -ffunction-sections -fdata-sections -Wall -fstack-usage -fcyclomatic-complexity -MMD -MP -MF"Core/Src/main.d" -MT"Core/Src/main.o" --specs=nano.specs -mfpu=fpv4-sp-d16 -mfloat-abi=hard -mthumb -o "Core/Src/main.o"
arm-none-eabi-gcc "../Core/Src/system_stm32f4xx.c" -mcpu=cortex-m4 -std=gnu11 -g3 -DDEBUG -DUSE_HAL_DRIVER -DSTM32F411xE -c -I../Core/Inc -I../Drivers/STM32F4xx_HAL_Driver/Inc -I../Drivers/STM32F4xx_HAL_Driver/Inc/Legacy -I../Drivers/CMSIS/Device/ST/STM32F4xx/Include -I../Drivers/CMSIS/Include -O0 -ffunction-sections -fdata-sections -Wall -fstack-usage -fcyclomatic-complexity -MMD -MP -MF"Core/Src/system_stm32f4xx.d" -MT"Core/Src/system_stm32f4xx.o" --specs=nano.specs -mfpu=fpv4-sp-d16 -mfloat-abi=hard -mthumb -o "Core/Src/system_stm32f4xx.o"
In file included from ../Core/Src/main.c:52:
../Core/Src/../../../myLib/myLib.c: In function '__io_putchar':
../Core/Src/../../../myLib/myLib.c:3:35: warning: passing argument 2 of 'HAL_UART_Transmit' from incompatible pointer type [-Wincompatible-pointer-types]
    3 |         HAL_UART_Transmit(&huart2,&c,1,10);
      |                                   ^~
      |                                   |
      |                                   int *
In file included from ../Core/Inc/stm32f4xx_hal_conf.h:411,
                 from ../Drivers/STM32F4xx_HAL_Driver/Inc/stm32f4xx_hal.h:29,
                 from ../Core/Inc/main.h:30,
                 from ../Core/Src/main.c:20:
../Drivers/STM32F4xx_HAL_Driver/Inc/stm32f4xx_hal_uart.h:722:79: note: expected 'const uint8_t *' {aka 'const unsigned char *'} but argument is of type 'int *'
  722 | HAL_StatusTypeDef HAL_UART_Transmit(UART_HandleTypeDef *huart, const uint8_t *pData, uint16_t Size, uint32_t Timeout);
      |                                                                ~~~~~~~~~~~~~~~^~~~~
../Core/Src/main.c: In function 'myDelay':
../Core/Src/main.c:75:7: warning: implicit declaration of function 'no0p' [-Wimplicit-function-declaration]
   75 |       no0p();
      |       ^~~~
../Core/Src/main.c: At top level:
../Core/Src/main.c:90:6: warning: conflicting types for 'no0p'; have 'void()'
   90 | void no0p(){}
      |      ^~~~
../Core/Src/main.c:75:7: note: previous implicit declaration of 'no0p' with type 'void()'
   75 |       no0p();
      |       ^~~~
../Core/Src/main.c: In function 'HAL_ADC_ConvCpltCallback':
../Core/Src/main.c:99:5: warning: implicit declaration of function 'printf' [-Wimplicit-function-declaration]
   99 |     printf ("X Value : %d\r\n", xvalue);
      |     ^~~~~~
../Core/Src/main.c:53:1: note: include '<stdio.h>' or provide a declaration of 'printf'
   52 | #include "../../../myLib/myLib.c"
  +++ |+#include <stdio.h>
   53 | /* USER CODE END PV */
../Core/Src/main.c:99:5: warning: incompatible implicit declaration of built-in function 'printf' [-Wbuiltin-declaration-mismatch]
   99 |     printf ("X Value : %d\r\n", xvalue);
      |     ^~~~~~
../Core/Src/main.c:99:5: note: include '<stdio.h>' or provide a declaration of 'printf'
../Core/Src/main.c: In function 'main':
../Core/Src/main.c:146:3: warning: incompatible implicit declaration of built-in function 'printf' [-Wbuiltin-declaration-mismatch]
  146 |   printf("\033[1J\033[1;1HProgram Restart...\r\n");
      |   ^~~~~~
../Core/Src/main.c:146:3: note: include '<stdio.h>' or provide a declaration of 'printf'
../Core/Src/main.c:148:28: warning: passing argument 2 of 'HAL_ADC_Start_DMA' from incompatible pointer type [-Wincompatible-pointer-types]
  148 |   HAL_ADC_Start_DMA(&hadc1,dValue,2);
      |                            ^~~~~~
      |                            |
      |                            short int *
In file included from ../Core/Inc/stm32f4xx_hal_conf.h:295,
                 from ../Drivers/STM32F4xx_HAL_Driver/Inc/stm32f4xx_hal.h:29,
                 from ../Core/Inc/main.h:30,
                 from ../Core/Src/main.c:20:
../Drivers/STM32F4xx_HAL_Driver/Inc/stm32f4xx_hal_adc.h:594:72: note: expected 'uint32_t *' {aka 'long unsigned int *'} but argument is of type 'short int *'
  594 | HAL_StatusTypeDef HAL_ADC_Start_DMA(ADC_HandleTypeDef* hadc, uint32_t* pData, uint32_t Length);
      |                                                              ~~~~~~~~~~^~~~~
arm-none-eabi-gcc -o "zgpio-02.elf" @"objects.list"   -mcpu=cortex-m4 -T"C:\workspace_intel2\arm\zgpio-02\STM32F411RETX_FLASH.ld" --specs=nosys.specs -Wl,-Map="zgpio-02.map" -Wl,--gc-sections -static --specs=nano.specs -mfpu=fpv4-sp-d16 -mfloat-abi=hard -mthumb -Wl,--start-group -lc -lm -Wl,--end-group
Finished building target: zgpio-02.elf
 
arm-none-eabi-size   zgpio-02.elf 
arm-none-eabi-objdump -h -S  zgpio-02.elf  > "zgpio-02.list"
   text	   data	    bss	    dec	    hex	filename
  19772	    120	   2296	  22188	   56ac	zgpio-02.elf
Finished building: default.size.stdout
 
Finished building: zgpio-02.list
 
16:38:35 **** Incremental Build of configuration Debug for project zgpio-02 ****
make -j4 all 
arm-none-eabi-gcc "../Core/Src/main.c" -mcpu=cortex-m4 -std=gnu11 -g3 -DDEBUG -DUSE_HAL_DRIVER -DSTM32F411xE -c -I../Core/Inc -I../Drivers/STM32F4xx_HAL_Driver/Inc -I../Drivers/STM32F4xx_HAL_Driver/Inc/Legacy -I../Drivers/CMSIS/Device/ST/STM32F4xx/Include -I../Drivers/CMSIS/Include -O0 -ffunction-sections -fdata-sections -Wall -fstack-usage -fcyclomatic-complexity -MMD -MP -MF"Core/Src/main.d" -MT"Core/Src/main.o" --specs=nano.specs -mfpu=fpv4-sp-d16 -mfloat-abi=hard -mthumb -o "Core/Src/main.o"
In file included from ../Core/Src/main.c:52:
../Core/Src/../../../myLib/myLib.c: In function '__io_putchar':
../Core/Src/../../../myLib/myLib.c:3:35: warning: passing argument 2 of 'HAL_UART_Transmit' from incompatible pointer type [-Wincompatible-pointer-types]
    3 |         HAL_UART_Transmit(&huart2,&c,1,10);
      |                                   ^~
      |                                   |
      |                                   int *
In file included from ../Core/Inc/stm32f4xx_hal_conf.h:411,
                 from ../Drivers/STM32F4xx_HAL_Driver/Inc/stm32f4xx_hal.h:29,
                 from ../Core/Inc/main.h:30,
                 from ../Core/Src/main.c:20:
../Drivers/STM32F4xx_HAL_Driver/Inc/stm32f4xx_hal_uart.h:722:79: note: expected 'const uint8_t *' {aka 'const unsigned char *'} but argument is of type 'int *'
  722 | HAL_StatusTypeDef HAL_UART_Transmit(UART_HandleTypeDef *huart, const uint8_t *pData, uint16_t Size, uint32_t Timeout);
      |                                                                ~~~~~~~~~~~~~~~^~~~~
../Core/Src/main.c: In function 'myDelay':
../Core/Src/main.c:75:7: warning: implicit declaration of function 'no0p' [-Wimplicit-function-declaration]
   75 |       no0p();
      |       ^~~~
../Core/Src/main.c: At top level:
../Core/Src/main.c:90:6: warning: conflicting types for 'no0p'; have 'void()'
   90 | void no0p(){}
      |      ^~~~
../Core/Src/main.c:75:7: note: previous implicit declaration of 'no0p' with type 'void()'
   75 |       no0p();
      |       ^~~~
../Core/Src/main.c: In function 'HAL_ADC_ConvCpltCallback':
../Core/Src/main.c:99:5: warning: implicit declaration of function 'printf' [-Wimplicit-function-declaration]
   99 |     printf ("X Value : %d\r\n", xvalue);
      |     ^~~~~~
../Core/Src/main.c:53:1: note: include '<stdio.h>' or provide a declaration of 'printf'
   52 | #include "../../../myLib/myLib.c"
  +++ |+#include <stdio.h>
   53 | /* USER CODE END PV */
../Core/Src/main.c:99:5: warning: incompatible implicit declaration of built-in function 'printf' [-Wbuiltin-declaration-mismatch]
   99 |     printf ("X Value : %d\r\n", xvalue);
      |     ^~~~~~
../Core/Src/main.c:99:5: note: include '<stdio.h>' or provide a declaration of 'printf'
../Core/Src/main.c: In function 'main':
../Core/Src/main.c:146:3: warning: incompatible implicit declaration of built-in function 'printf' [-Wbuiltin-declaration-mismatch]
  146 |   printf("\033[1J\033[1;1HProgram Restart...\r\n");
      |   ^~~~~~
../Core/Src/main.c:146:3: note: include '<stdio.h>' or provide a declaration of 'printf'
../Core/Src/main.c:148:28: warning: passing argument 2 of 'HAL_ADC_Start_DMA' from incompatible pointer type [-Wincompatible-pointer-types]
  148 |   HAL_ADC_Start_DMA(&hadc1,(int *)dValue,2);
      |                            ^~~~~~~~~~~~~
      |                            |
      |                            int *
In file included from ../Core/Inc/stm32f4xx_hal_conf.h:295,
                 from ../Drivers/STM32F4xx_HAL_Driver/Inc/stm32f4xx_hal.h:29,
                 from ../Core/Inc/main.h:30,
                 from ../Core/Src/main.c:20:
../Drivers/STM32F4xx_HAL_Driver/Inc/stm32f4xx_hal_adc.h:594:72: note: expected 'uint32_t *' {aka 'long unsigned int *'} but argument is of type 'int *'
  594 | HAL_StatusTypeDef HAL_ADC_Start_DMA(ADC_HandleTypeDef* hadc, uint32_t* pData, uint32_t Length);
      |                                                              ~~~~~~~~~~^~~~~
arm-none-eabi-gcc -o "zgpio-02.elf" @"objects.list"   -mcpu=cortex-m4 -T"C:\workspace_intel2\arm\zgpio-02\STM32F411RETX_FLASH.ld" --specs=nosys.specs -Wl,-Map="zgpio-02.map" -Wl,--gc-sections -static --specs=nano.specs -mfpu=fpv4-sp-d16 -mfloat-abi=hard -mthumb -Wl,--start-group -lc -lm -Wl,--end-group
Finished building target: zgpio-02.elf
 
arm-none-eabi-size   zgpio-02.elf 
arm-none-eabi-objdump -h -S  zgpio-02.elf  > "zgpio-02.list"
   text	   data	    bss	    dec	    hex	filename
  19772	    120	   2296	  22188	   56ac	zgpio-02.elf
Finished building: default.size.stdout
 
Finished building: zgpio-02.list
 
16:39:13 **** Incremental Build of configuration Debug for project zgpio-02 ****
make -j4 all 
arm-none-eabi-gcc "../Core/Src/main.c" -mcpu=cortex-m4 -std=gnu11 -g3 -DDEBUG -DUSE_HAL_DRIVER -DSTM32F411xE -c -I../Core/Inc -I../Drivers/STM32F4xx_HAL_Driver/Inc -I../Drivers/STM32F4xx_HAL_Driver/Inc/Legacy -I../Drivers/CMSIS/Device/ST/STM32F4xx/Include -I../Drivers/CMSIS/Include -O0 -ffunction-sections -fdata-sections -Wall -fstack-usage -fcyclomatic-complexity -MMD -MP -MF"Core/Src/main.d" -MT"Core/Src/main.o" --specs=nano.specs -mfpu=fpv4-sp-d16 -mfloat-abi=hard -mthumb -o "Core/Src/main.o"
In file included from ../Core/Src/main.c:52:
../Core/Src/../../../myLib/myLib.c: In function '__io_putchar':
../Core/Src/../../../myLib/myLib.c:3:35: warning: passing argument 2 of 'HAL_UART_Transmit' from incompatible pointer type [-Wincompatible-pointer-types]
    3 |         HAL_UART_Transmit(&huart2,&c,1,10);
      |                                   ^~
      |                                   |
      |                                   int *
In file included from ../Core/Inc/stm32f4xx_hal_conf.h:411,
                 from ../Drivers/STM32F4xx_HAL_Driver/Inc/stm32f4xx_hal.h:29,
                 from ../Core/Inc/main.h:30,
                 from ../Core/Src/main.c:20:
../Drivers/STM32F4xx_HAL_Driver/Inc/stm32f4xx_hal_uart.h:722:79: note: expected 'const uint8_t *' {aka 'const unsigned char *'} but argument is of type 'int *'
  722 | HAL_StatusTypeDef HAL_UART_Transmit(UART_HandleTypeDef *huart, const uint8_t *pData, uint16_t Size, uint32_t Timeout);
      |                                                                ~~~~~~~~~~~~~~~^~~~~
../Core/Src/main.c: In function 'myDelay':
../Core/Src/main.c:75:7: warning: implicit declaration of function 'no0p' [-Wimplicit-function-declaration]
   75 |       no0p();
      |       ^~~~
../Core/Src/main.c: At top level:
../Core/Src/main.c:90:6: warning: conflicting types for 'no0p'; have 'void()'
   90 | void no0p(){}
      |      ^~~~
../Core/Src/main.c:75:7: note: previous implicit declaration of 'no0p' with type 'void()'
   75 |       no0p();
      |       ^~~~
../Core/Src/main.c: In function 'HAL_ADC_ConvCpltCallback':
../Core/Src/main.c:99:5: warning: implicit declaration of function 'printf' [-Wimplicit-function-declaration]
   99 |     printf ("X Value : %d\r\n", xvalue);
      |     ^~~~~~
../Core/Src/main.c:53:1: note: include '<stdio.h>' or provide a declaration of 'printf'
   52 | #include "../../../myLib/myLib.c"
  +++ |+#include <stdio.h>
   53 | /* USER CODE END PV */
../Core/Src/main.c:99:5: warning: incompatible implicit declaration of built-in function 'printf' [-Wbuiltin-declaration-mismatch]
   99 |     printf ("X Value : %d\r\n", xvalue);
      |     ^~~~~~
../Core/Src/main.c:99:5: note: include '<stdio.h>' or provide a declaration of 'printf'
../Core/Src/main.c: In function 'main':
../Core/Src/main.c:146:3: warning: incompatible implicit declaration of built-in function 'printf' [-Wbuiltin-declaration-mismatch]
  146 |   printf("\033[1J\033[1;1HProgram Restart...\r\n");
      |   ^~~~~~
../Core/Src/main.c:146:3: note: include '<stdio.h>' or provide a declaration of 'printf'
../Core/Src/main.c:148:28: warning: passing argument 2 of 'HAL_ADC_Start_DMA' from incompatible pointer type [-Wincompatible-pointer-types]
  148 |   HAL_ADC_Start_DMA(&hadc1,(int *)dValue,2);
      |                            ^~~~~~~~~~~~~
      |                            |
      |                            int *
In file included from ../Core/Inc/stm32f4xx_hal_conf.h:295,
                 from ../Drivers/STM32F4xx_HAL_Driver/Inc/stm32f4xx_hal.h:29,
                 from ../Core/Inc/main.h:30,
                 from ../Core/Src/main.c:20:
../Drivers/STM32F4xx_HAL_Driver/Inc/stm32f4xx_hal_adc.h:594:72: note: expected 'uint32_t *' {aka 'long unsigned int *'} but argument is of type 'int *'
  594 | HAL_StatusTypeDef HAL_ADC_Start_DMA(ADC_HandleTypeDef* hadc, uint32_t* pData, uint32_t Length);
      |                                                              ~~~~~~~~~~^~~~~
arm-none-eabi-gcc -o "zgpio-02.elf" @"objects.list"   -mcpu=cortex-m4 -T"C:\workspace_intel2\arm\zgpio-02\STM32F411RETX_FLASH.ld" --specs=nosys.specs -Wl,-Map="zgpio-02.map" -Wl,--gc-sections -static --specs=nano.specs -mfpu=fpv4-sp-d16 -mfloat-abi=hard -mthumb -Wl,--start-group -lc -lm -Wl,--end-group
Finished building target: zgpio-02.elf
 
arm-none-eabi-size   zgpio-02.elf 
arm-none-eabi-objdump -h -S  zgpio-02.elf  > "zgpio-02.list"
   text	   data	    bss	    dec	    hex	filename
  19384	    120	   2296	  21800	   5528	zgpio-02.elf
Finished building: default.size.stdout
 
Finished building: zgpio-02.list
 
16:40:20 **** Incremental Build of configuration Debug for project zgpio-02 ****
make -j4 all 
arm-none-eabi-gcc "../Core/Src/main.c" -mcpu=cortex-m4 -std=gnu11 -g3 -DDEBUG -DUSE_HAL_DRIVER -DSTM32F411xE -c -I../Core/Inc -I../Drivers/STM32F4xx_HAL_Driver/Inc -I../Drivers/STM32F4xx_HAL_Driver/Inc/Legacy -I../Drivers/CMSIS/Device/ST/STM32F4xx/Include -I../Drivers/CMSIS/Include -O0 -ffunction-sections -fdata-sections -Wall -fstack-usage -fcyclomatic-complexity -MMD -MP -MF"Core/Src/main.d" -MT"Core/Src/main.o" --specs=nano.specs -mfpu=fpv4-sp-d16 -mfloat-abi=hard -mthumb -o "Core/Src/main.o"
In file included from ../Core/Src/main.c:52:
../Core/Src/../../../myLib/myLib.c: In function '__io_putchar':
../Core/Src/../../../myLib/myLib.c:3:35: warning: passing argument 2 of 'HAL_UART_Transmit' from incompatible pointer type [-Wincompatible-pointer-types]
    3 |         HAL_UART_Transmit(&huart2,&c,1,10);
      |                                   ^~
      |                                   |
      |                                   int *
In file included from ../Core/Inc/stm32f4xx_hal_conf.h:411,
                 from ../Drivers/STM32F4xx_HAL_Driver/Inc/stm32f4xx_hal.h:29,
                 from ../Core/Inc/main.h:30,
                 from ../Core/Src/main.c:20:
../Drivers/STM32F4xx_HAL_Driver/Inc/stm32f4xx_hal_uart.h:722:79: note: expected 'const uint8_t *' {aka 'const unsigned char *'} but argument is of type 'int *'
  722 | HAL_StatusTypeDef HAL_UART_Transmit(UART_HandleTypeDef *huart, const uint8_t *pData, uint16_t Size, uint32_t Timeout);
      |                                                                ~~~~~~~~~~~~~~~^~~~~
../Core/Src/main.c: In function 'myDelay':
../Core/Src/main.c:75:7: warning: implicit declaration of function 'no0p' [-Wimplicit-function-declaration]
   75 |       no0p();
      |       ^~~~
../Core/Src/main.c: At top level:
../Core/Src/main.c:90:6: warning: conflicting types for 'no0p'; have 'void()'
   90 | void no0p(){}
      |      ^~~~
../Core/Src/main.c:75:7: note: previous implicit declaration of 'no0p' with type 'void()'
   75 |       no0p();
      |       ^~~~
../Core/Src/main.c: In function 'HAL_ADC_ConvCpltCallback':
../Core/Src/main.c:99:5: warning: implicit declaration of function 'printf' [-Wimplicit-function-declaration]
   99 |     printf ("X Value : %d\r\n", xvalue);
      |     ^~~~~~
../Core/Src/main.c:53:1: note: include '<stdio.h>' or provide a declaration of 'printf'
   52 | #include "../../../myLib/myLib.c"
  +++ |+#include <stdio.h>
   53 | /* USER CODE END PV */
../Core/Src/main.c:99:5: warning: incompatible implicit declaration of built-in function 'printf' [-Wbuiltin-declaration-mismatch]
   99 |     printf ("X Value : %d\r\n", xvalue);
      |     ^~~~~~
../Core/Src/main.c:99:5: note: include '<stdio.h>' or provide a declaration of 'printf'
../Core/Src/main.c: In function 'main':
../Core/Src/main.c:146:3: warning: incompatible implicit declaration of built-in function 'printf' [-Wbuiltin-declaration-mismatch]
  146 |   printf("\033[1J\033[1;1HProgram Restart...\r\n");
      |   ^~~~~~
../Core/Src/main.c:146:3: note: include '<stdio.h>' or provide a declaration of 'printf'
../Core/Src/main.c:148:28: warning: passing argument 2 of 'HAL_ADC_Start_DMA' from incompatible pointer type [-Wincompatible-pointer-types]
  148 |   HAL_ADC_Start_DMA(&hadc1,(int *)dValue,2);
      |                            ^~~~~~~~~~~~~
      |                            |
      |                            int *
In file included from ../Core/Inc/stm32f4xx_hal_conf.h:295,
                 from ../Drivers/STM32F4xx_HAL_Driver/Inc/stm32f4xx_hal.h:29,
                 from ../Core/Inc/main.h:30,
                 from ../Core/Src/main.c:20:
../Drivers/STM32F4xx_HAL_Driver/Inc/stm32f4xx_hal_adc.h:594:72: note: expected 'uint32_t *' {aka 'long unsigned int *'} but argument is of type 'int *'
  594 | HAL_StatusTypeDef HAL_ADC_Start_DMA(ADC_HandleTypeDef* hadc, uint32_t* pData, uint32_t Length);
      |                                                              ~~~~~~~~~~^~~~~
arm-none-eabi-gcc -o "zgpio-02.elf" @"objects.list"   -mcpu=cortex-m4 -T"C:\workspace_intel2\arm\zgpio-02\STM32F411RETX_FLASH.ld" --specs=nosys.specs -Wl,-Map="zgpio-02.map" -Wl,--gc-sections -static --specs=nano.specs -mfpu=fpv4-sp-d16 -mfloat-abi=hard -mthumb -Wl,--start-group -lc -lm -Wl,--end-group
Finished building target: zgpio-02.elf
 
arm-none-eabi-size   zgpio-02.elf 
arm-none-eabi-objdump -h -S  zgpio-02.elf  > "zgpio-02.list"
   text	   data	    bss	    dec	    hex	filename
  19532	    120	   2296	  21948	   55bc	zgpio-02.elf
Finished building: default.size.stdout
 
Finished building: zgpio-02.list
 
16:41:06 **** Incremental Build of configuration Debug for project zgpio-02 ****
make -j4 all 
arm-none-eabi-gcc "../Core/Src/main.c" -mcpu=cortex-m4 -std=gnu11 -g3 -DDEBUG -DUSE_HAL_DRIVER -DSTM32F411xE -c -I../Core/Inc -I../Drivers/STM32F4xx_HAL_Driver/Inc -I../Drivers/STM32F4xx_HAL_Driver/Inc/Legacy -I../Drivers/CMSIS/Device/ST/STM32F4xx/Include -I../Drivers/CMSIS/Include -O0 -ffunction-sections -fdata-sections -Wall -fstack-usage -fcyclomatic-complexity -MMD -MP -MF"Core/Src/main.d" -MT"Core/Src/main.o" --specs=nano.specs -mfpu=fpv4-sp-d16 -mfloat-abi=hard -mthumb -o "Core/Src/main.o"
In file included from ../Core/Src/main.c:52:
../Core/Src/../../../myLib/myLib.c: In function '__io_putchar':
../Core/Src/../../../myLib/myLib.c:3:35: warning: passing argument 2 of 'HAL_UART_Transmit' from incompatible pointer type [-Wincompatible-pointer-types]
    3 |         HAL_UART_Transmit(&huart2,&c,1,10);
      |                                   ^~
      |                                   |
      |                                   int *
In file included from ../Core/Inc/stm32f4xx_hal_conf.h:411,
                 from ../Drivers/STM32F4xx_HAL_Driver/Inc/stm32f4xx_hal.h:29,
                 from ../Core/Inc/main.h:30,
                 from ../Core/Src/main.c:20:
../Drivers/STM32F4xx_HAL_Driver/Inc/stm32f4xx_hal_uart.h:722:79: note: expected 'const uint8_t *' {aka 'const unsigned char *'} but argument is of type 'int *'
  722 | HAL_StatusTypeDef HAL_UART_Transmit(UART_HandleTypeDef *huart, const uint8_t *pData, uint16_t Size, uint32_t Timeout);
      |                                                                ~~~~~~~~~~~~~~~^~~~~
../Core/Src/main.c: In function 'myDelay':
../Core/Src/main.c:75:7: warning: implicit declaration of function 'no0p' [-Wimplicit-function-declaration]
   75 |       no0p();
      |       ^~~~
../Core/Src/main.c: At top level:
../Core/Src/main.c:90:6: warning: conflicting types for 'no0p'; have 'void()'
   90 | void no0p(){}
      |      ^~~~
../Core/Src/main.c:75:7: note: previous implicit declaration of 'no0p' with type 'void()'
   75 |       no0p();
      |       ^~~~
../Core/Src/main.c: In function 'HAL_ADC_ConvCpltCallback':
../Core/Src/main.c:99:5: warning: implicit declaration of function 'printf' [-Wimplicit-function-declaration]
   99 |     printf ("X Value : %d\r\n", xvalue);
      |     ^~~~~~
../Core/Src/main.c:53:1: note: include '<stdio.h>' or provide a declaration of 'printf'
   52 | #include "../../../myLib/myLib.c"
  +++ |+#include <stdio.h>
   53 | /* USER CODE END PV */
../Core/Src/main.c:99:5: warning: incompatible implicit declaration of built-in function 'printf' [-Wbuiltin-declaration-mismatch]
   99 |     printf ("X Value : %d\r\n", xvalue);
      |     ^~~~~~
../Core/Src/main.c:99:5: note: include '<stdio.h>' or provide a declaration of 'printf'
../Core/Src/main.c: In function 'main':
../Core/Src/main.c:146:3: warning: incompatible implicit declaration of built-in function 'printf' [-Wbuiltin-declaration-mismatch]
  146 |   printf("\033[1J\033[1;1HProgram Restart...\r\n");
      |   ^~~~~~
../Core/Src/main.c:146:3: note: include '<stdio.h>' or provide a declaration of 'printf'
[...]
  298 |   int n=0;
      |       ^
../Core/Src/main.c: In function 'StartTask02':
../Core/Src/main.c:327:7: warning: unused variable 'n' [-Wunused-variable]
  327 |   int n=0;
      |       ^
../Core/Src/main.c: In function 'StartTask03':
../Core/Src/main.c:356:7: warning: unused variable 'n' [-Wunused-variable]
  356 |   int n=0;
      |       ^
arm-none-eabi-gcc -o "zpio-03rtos.elf" @"objects.list"   -mcpu=cortex-m4 -T"C:\workspace_intel2\arm\zpio-03rtos\STM32F411RETX_FLASH.ld" --specs=nosys.specs -Wl,-Map="zpio-03rtos.map" -Wl,--gc-sections -static --specs=nano.specs -mfpu=fpv4-sp-d16 -mfloat-abi=hard -mthumb -Wl,--start-group -lc -lm -Wl,--end-group
Finished building target: zpio-03rtos.elf
 
arm-none-eabi-size   zpio-03rtos.elf 
arm-none-eabi-objdump -h -S  zpio-03rtos.elf  > "zpio-03rtos.list"
   text	   data	    bss	    dec	    hex	filename
  24980	    116	  18436	  43532	   aa0c	zpio-03rtos.elf
Finished building: default.size.stdout
 
Finished building: zpio-03rtos.list
 
15:27:36 **** Incremental Build of configuration Debug for project zpio-03rtos ****
make -j4 all 
arm-none-eabi-gcc "../Core/Src/main.c" -mcpu=cortex-m4 -std=gnu11 -g3 -DDEBUG -DUSE_HAL_DRIVER -DSTM32F411xE -c -I../Core/Inc -I../Drivers/STM32F4xx_HAL_Driver/Inc -I../Drivers/STM32F4xx_HAL_Driver/Inc/Legacy -I../Drivers/CMSIS/Device/ST/STM32F4xx/Include -I../Drivers/CMSIS/Include -I../Middlewares/Third_Party/FreeRTOS/Source/include -I../Middlewares/Third_Party/FreeRTOS/Source/CMSIS_RTOS -I../Middlewares/Third_Party/FreeRTOS/Source/portable/GCC/ARM_CM4F -O0 -ffunction-sections -fdata-sections -Wall -fstack-usage -fcyclomatic-complexity -MMD -MP -MF"Core/Src/main.d" -MT"Core/Src/main.o" --specs=nano.specs -mfpu=fpv4-sp-d16 -mfloat-abi=hard -mthumb -o "Core/Src/main.o"
In file included from ../Core/Src/main.c:51:
../Core/Src/../../../myLib/myLib.c: In function '__io_putchar':
../Core/Src/../../../myLib/myLib.c:3:35: warning: passing argument 2 of 'HAL_UART_Transmit' from incompatible pointer type [-Wincompatible-pointer-types]
    3 |         HAL_UART_Transmit(&huart2,&c,1,10);
      |                                   ^~
      |                                   |
      |                                   int *
In file included from ../Core/Inc/stm32f4xx_hal_conf.h:411,
                 from ../Drivers/STM32F4xx_HAL_Driver/Inc/stm32f4xx_hal.h:29,
                 from ../Core/Inc/main.h:30,
                 from ../Core/Src/main.c:20:
../Drivers/STM32F4xx_HAL_Driver/Inc/stm32f4xx_hal_uart.h:722:79: note: expected 'const uint8_t *' {aka 'const unsigned char *'} but argument is of type 'int *'
  722 | HAL_StatusTypeDef HAL_UART_Transmit(UART_HandleTypeDef *huart, const uint8_t *pData, uint16_t Size, uint32_t Timeout);
      |                                                                ~~~~~~~~~~~~~~~^~~~~
../Core/Src/main.c: In function 'main':
../Core/Src/main.c:101:3: warning: implicit declaration of function 'printf' [-Wimplicit-function-declaration]
  101 |   printf("\033[1J\033[1;1HRTOS TEST");
      |   ^~~~~~
../Core/Src/main.c:52:1: note: include '<stdio.h>' or provide a declaration of 'printf'
   51 | #include "../../../myLib/myLib.c"
  +++ |+#include <stdio.h>
   52 | /* USER CODE END PV */
../Core/Src/main.c:101:3: warning: incompatible implicit declaration of built-in function 'printf' [-Wbuiltin-declaration-mismatch]
  101 |   printf("\033[1J\033[1;1HRTOS TEST");
      |   ^~~~~~
../Core/Src/main.c:101:3: note: include '<stdio.h>' or provide a declaration of 'printf'
../Core/Src/main.c: In function 'StartDefaultTask':
../Core/Src/main.c:295:7: warning: unused variable 'n' [-Wunused-variable]
  295 |   int n=0;
      |       ^
../Core/Src/main.c: In function 'StartTask02':
../Core/Src/main.c:324:7: warning: unused variable 'n' [-Wunused-variable]
  324 |   int n=0;
      |       ^
../Core/Src/main.c: In function 'StartTask03':
../Core/Src/main.c:353:7: warning: unused variable 'n' [-Wunused-variable]
  353 |   int n=0;
      |       ^
arm-none-eabi-gcc -o "zpio-03rtos.elf" @"objects.list"   -mcpu=cortex-m4 -T"C:\workspace_intel2\arm\zpio-03rtos\STM32F411RETX_FLASH.ld" --specs=nosys.specs -Wl,-Map="zpio-03rtos.map" -Wl,--gc-sections -static --specs=nano.specs -mfpu=fpv4-sp-d16 -mfloat-abi=hard -mthumb -Wl,--start-group -lc -lm -Wl,--end-group
Finished building target: zpio-03rtos.elf
 
arm-none-eabi-size   zpio-03rtos.elf 
arm-none-eabi-objdump -h -S  zpio-03rtos.elf  > "zpio-03rtos.list"
   text	   data	    bss	    dec	    hex	filename
  24980	    116	  18436	  43532	   aa0c	zpio-03rtos.elf
Finished building: default.size.stdout
 
Finished building: zpio-03rtos.list
 
15:28:46 **** Incremental Build of configuration Debug for project zpio-03rtos ****
make -j4 all 
arm-none-eabi-gcc "../Core/Src/main.c" -mcpu=cortex-m4 -std=gnu11 -g3 -DDEBUG -DUSE_HAL_DRIVER -DSTM32F411xE -c -I../Core/Inc -I../Drivers/STM32F4xx_HAL_Driver/Inc -I../Drivers/STM32F4xx_HAL_Driver/Inc/Legacy -I../Drivers/CMSIS/Device/ST/STM32F4xx/Include -I../Drivers/CMSIS/Include -I../Middlewares/Third_Party/FreeRTOS/Source/include -I../Middlewares/Third_Party/FreeRTOS/Source/CMSIS_RTOS -I../Middlewares/Third_Party/FreeRTOS/Source/portable/GCC/ARM_CM4F -O0 -ffunction-sections -fdata-sections -Wall -fstack-usage -fcyclomatic-complexity -MMD -MP -MF"Core/Src/main.d" -MT"Core/Src/main.o" --specs=nano.specs -mfpu=fpv4-sp-d16 -mfloat-abi=hard -mthumb -o "Core/Src/main.o"
In file included from ../Core/Src/main.c:51:
../Core/Src/../../../myLib/myLib.c: In function '__io_putchar':
../Core/Src/../../../myLib/myLib.c:3:35: warning: passing argument 2 of 'HAL_UART_Transmit' from incompatible pointer type [-Wincompatible-pointer-types]
    3 |         HAL_UART_Transmit(&huart2,&c,1,10);
      |                                   ^~
      |                                   |
      |                                   int *
In file included from ../Core/Inc/stm32f4xx_hal_conf.h:411,
                 from ../Drivers/STM32F4xx_HAL_Driver/Inc/stm32f4xx_hal.h:29,
                 from ../Core/Inc/main.h:30,
                 from ../Core/Src/main.c:20:
../Drivers/STM32F4xx_HAL_Driver/Inc/stm32f4xx_hal_uart.h:722:79: note: expected 'const uint8_t *' {aka 'const unsigned char *'} but argument is of type 'int *'
  722 | HAL_StatusTypeDef HAL_UART_Transmit(UART_HandleTypeDef *huart, const uint8_t *pData, uint16_t Size, uint32_t Timeout);
      |                                                                ~~~~~~~~~~~~~~~^~~~~
../Core/Src/main.c: In function 'main':
../Core/Src/main.c:101:3: warning: implicit declaration of function 'printf' [-Wimplicit-function-declaration]
  101 |   printf("\033[1J\033[1;1HRTOS TEST");
      |   ^~~~~~
../Core/Src/main.c:52:1: note: include '<stdio.h>' or provide a declaration of 'printf'
   51 | #include "../../../myLib/myLib.c"
  +++ |+#include <stdio.h>
   52 | /* USER CODE END PV */
../Core/Src/main.c:101:3: warning: incompatible implicit declaration of built-in function 'printf' [-Wbuiltin-declaration-mismatch]
  101 |   printf("\033[1J\033[1;1HRTOS TEST");
      |   ^~~~~~
../Core/Src/main.c:101:3: note: include '<stdio.h>' or provide a declaration of 'printf'
../Core/Src/main.c: In function 'StartDefaultTask':
../Core/Src/main.c:306:7: warning: incompatible implicit declaration of built-in function 'printf' [-Wbuiltin-declaration-mismatch]
  306 |       printf ("\033[5;1Hin task 01....%d\r\n", n++);
      |       ^~~~~~
../Core/Src/main.c:306:7: note: include '<stdio.h>' or provide a declaration of 'printf'
../Core/Src/main.c: In function 'StartTask02':
../Core/Src/main.c:335:8: warning: incompatible implicit declaration of built-in function 'printf' [-Wbuiltin-declaration-mismatch]
  335 |        printf ("\033[6;1Hin task 01....%d\r\n", n++);
      |        ^~~~~~
../Core/Src/main.c:335:8: note: include '<stdio.h>' or provide a declaration of 'printf'
../Core/Src/main.c: In function 'StartTask03':
../Core/Src/main.c:364:8: warning: incompatible implicit declaration of built-in function 'printf' [-Wbuiltin-declaration-mismatch]
  364 |        printf ("\033[7;1Hin task 01....%d\r\n", n++);
      |        ^~~~~~
../Core/Src/main.c:364:8: note: include '<stdio.h>' or provide a declaration of 'printf'
arm-none-eabi-gcc -o "zpio-03rtos.elf" @"objects.list"   -mcpu=cortex-m4 -T"C:\workspace_intel2\arm\zpio-03rtos\STM32F411RETX_FLASH.ld" --specs=nosys.specs -Wl,-Map="zpio-03rtos.map" -Wl,--gc-sections -static --specs=nano.specs -mfpu=fpv4-sp-d16 -mfloat-abi=hard -mthumb -Wl,--start-group -lc -lm -Wl,--end-group
Finished building target: zpio-03rtos.elf
 
arm-none-eabi-size   zpio-03rtos.elf 
arm-none-eabi-objdump -h -S  zpio-03rtos.elf  > "zpio-03rtos.list"
   text	   data	    bss	    dec	    hex	filename
  25112	    116	  18436	  43664	   aa90	zpio-03rtos.elf
Finished building: default.size.stdout
 
Finished building: zpio-03rtos.list
 
15:29:39 **** Incremental Build of configuration Debug for project zpio-03rtos ****
make -j4 all 
arm-none-eabi-gcc "../Core/Src/main.c" -mcpu=cortex-m4 -std=gnu11 -g3 -DDEBUG -DUSE_HAL_DRIVER -DSTM32F411xE -c -I../Core/Inc -I../Drivers/STM32F4xx_HAL_Driver/Inc -I../Drivers/STM32F4xx_HAL_Driver/Inc/Legacy -I../Drivers/CMSIS/Device/ST/STM32F4xx/Include -I../Drivers/CMSIS/Include -I../Middlewares/Third_Party/FreeRTOS/Source/include -I../Middlewares/Third_Party/FreeRTOS/Source/CMSIS_RTOS -I../Middlewares/Third_Party/FreeRTOS/Source/portable/GCC/ARM_CM4F -O0 -ffunction-sections -fdata-sections -Wall -fstack-usage -fcyclomatic-complexity -MMD -MP -MF"Core/Src/main.d" -MT"Core/Src/main.o" --specs=nano.specs -mfpu=fpv4-sp-d16 -mfloat-abi=hard -mthumb -o "Core/Src/main.o"
In file included from ../Core/Src/main.c:51:
../Core/Src/../../../myLib/myLib.c: In function '__io_putchar':
../Core/Src/../../../myLib/myLib.c:3:35: warning: passing argument 2 of 'HAL_UART_Transmit' from incompatible pointer type [-Wincompatible-pointer-types]
    3 |         HAL_UART_Transmit(&huart2,&c,1,10);
      |                                   ^~
      |                                   |
      |                                   int *
In file included from ../Core/Inc/stm32f4xx_hal_conf.h:411,
                 from ../Drivers/STM32F4xx_HAL_Driver/Inc/stm32f4xx_hal.h:29,
                 from ../Core/Inc/main.h:30,
                 from ../Core/Src/main.c:20:
../Drivers/STM32F4xx_HAL_Driver/Inc/stm32f4xx_hal_uart.h:722:79: note: expected 'const uint8_t *' {aka 'const unsigned char *'} but argument is of type 'int *'
  722 | HAL_StatusTypeDef HAL_UART_Transmit(UART_HandleTypeDef *huart, const uint8_t *pData, uint16_t Size, uint32_t Timeout);
      |                                                                ~~~~~~~~~~~~~~~^~~~~
../Core/Src/main.c: In function 'main':
../Core/Src/main.c:104:3: warning: implicit declaration of function 'printf' [-Wimplicit-function-declaration]
  104 |   printf("\033[1J\033[1;1HRTOS TEST");
      |   ^~~~~~
../Core/Src/main.c:52:1: note: include '<stdio.h>' or provide a declaration of 'printf'
   51 | #include "../../../myLib/myLib.c"
  +++ |+#include <stdio.h>
   52 | /* USER CODE END PV */
../Core/Src/main.c:104:3: warning: incompatible implicit declaration of built-in function 'printf' [-Wbuiltin-declaration-mismatch]
  104 |   printf("\033[1J\033[1;1HRTOS TEST");
      |   ^~~~~~
../Core/Src/main.c:104:3: note: include '<stdio.h>' or provide a declaration of 'printf'
../Core/Src/main.c: In function 'StartDefaultTask':
../Core/Src/main.c:298:7: warning: unused variable 'n' [-Wunused-variable]
  298 |   int n=0;
      |       ^
../Core/Src/main.c: In function 'StartTask02':
../Core/Src/main.c:327:7: warning: unused variable 'n' [-Wunused-variable]
  327 |   int n=0;
      |       ^
../Core/Src/main.c: In function 'StartTask03':
../Core/Src/main.c:356:7: warning: unused variable 'n' [-Wunused-variable]
  356 |   int n=0;
      |       ^
arm-none-eabi-gcc -o "zpio-03rtos.elf" @"objects.list"   -mcpu=cortex-m4 -T"C:\workspace_intel2\arm\zpio-03rtos\STM32F411RETX_FLASH.ld" --specs=nosys.specs -Wl,-Map="zpio-03rtos.map" -Wl,--gc-sections -static --specs=nano.specs -mfpu=fpv4-sp-d16 -mfloat-abi=hard -mthumb -Wl,--start-group -lc -lm -Wl,--end-group
Finished building target: zpio-03rtos.elf
 
arm-none-eabi-size   zpio-03rtos.elf 
arm-none-eabi-objdump -h -S  zpio-03rtos.elf  > "zpio-03rtos.list"
   text	   data	    bss	    dec	    hex	filename
  24980	    116	  18436	  43532	   aa0c	zpio-03rtos.elf
Finished building: default.size.stdout
 
Finished building: zpio-03rtos.list
 
15:30:23 **** Incremental Build of configuration Debug for project zpio-03rtos ****
make -j4 all 
arm-none-eabi-gcc "../Core/Src/main.c" -mcpu=cortex-m4 -std=gnu11 -g3 -DDEBUG -DUSE_HAL_DRIVER -DSTM32F411xE -c -I../Core/Inc -I../Drivers/STM32F4xx_HAL_Driver/Inc -I../Drivers/STM32F4xx_HAL_Driver/Inc/Legacy -I../Drivers/CMSIS/Device/ST/STM32F4xx/Include -I../Drivers/CMSIS/Include -I../Middlewares/Third_Party/FreeRTOS/Source/include -I../Middlewares/Third_Party/FreeRTOS/Source/CMSIS_RTOS -I../Middlewares/Third_Party/FreeRTOS/Source/portable/GCC/ARM_CM4F -O0 -ffunction-sections -fdata-sections -Wall -fstack-usage -fcyclomatic-complexity -MMD -MP -MF"Core/Src/main.d" -MT"Core/Src/main.o" --specs=nano.specs -mfpu=fpv4-sp-d16 -mfloat-abi=hard -mthumb -o "Core/Src/main.o"
In file included from ../Core/Src/main.c:51:
../Core/Src/../../../myLib/myLib.c: In function '__io_putchar':
../Core/Src/../../../myLib/myLib.c:3:35: warning: passing argument 2 of 'HAL_UART_Transmit' from incompatible pointer type [-Wincompatible-pointer-types]
    3 |         HAL_UART_Transmit(&huart2,&c,1,10);
      |                                   ^~
      |                                   |
      |                                   int *
In file included from ../Core/Inc/stm32f4xx_hal_conf.h:411,
                 from ../Drivers/STM32F4xx_HAL_Driver/Inc/stm32f4xx_hal.h:29,
                 from ../Core/Inc/main.h:30,
                 from ../Core/Src/main.c:20:
../Drivers/STM32F4xx_HAL_Driver/Inc/stm32f4xx_hal_uart.h:722:79: note: expected 'const uint8_t *' {aka 'const unsigned char *'} but argument is of type 'int *'
  722 | HAL_StatusTypeDef HAL_UART_Transmit(UART_HandleTypeDef *huart, const uint8_t *pData, uint16_t Size, uint32_t Timeout);
      |                                                                ~~~~~~~~~~~~~~~^~~~~
../Core/Src/main.c: In function 'main':
../Core/Src/main.c:104:3: warning: implicit declaration of function 'printf' [-Wimplicit-function-declaration]
  104 |   printf("\033[1J\033[1;1HRTOS TEST");
      |   ^~~~~~
../Core/Src/main.c:52:1: note: include '<stdio.h>' or provide a declaration of 'printf'
   51 | #include "../../../myLib/myLib.c"
  +++ |+#include <stdio.h>
   52 | /* USER CODE END PV */
../Core/Src/main.c:104:3: warning: incompatible implicit declaration of built-in function 'printf' [-Wbuiltin-declaration-mismatch]
  104 |   printf("\033[1J\033[1;1HRTOS TEST");
      |   ^~~~~~
../Core/Src/main.c:104:3: note: include '<stdio.h>' or provide a declaration of 'printf'
../Core/Src/main.c: In function 'StartDefaultTask':
../Core/Src/main.c:309:7: warning: incompatible implicit declaration of built-in function 'printf' [-Wbuiltin-declaration-mismatch]
  309 |       printf ("\033[5;1Hin task 01....%d\r\n", n++);
      |       ^~~~~~
../Core/Src/main.c:309:7: note: include '<stdio.h>' or provide a declaration of 'printf'
../Core/Src/main.c: In function 'StartTask02':
../Core/Src/main.c:327:7: warning: unused variable 'n' [-Wunused-variable]
  327 |   int n=0;
      |       ^
../Core/Src/main.c: In function 'StartTask03':
../Core/Src/main.c:356:7: warning: unused variable 'n' [-Wunused-variable]
  356 |   int n=0;
      |       ^
arm-none-eabi-gcc -o "zpio-03rtos.elf" @"objects.list"   -mcpu=cortex-m4 -T"C:\workspace_intel2\arm\zpio-03rtos\STM32F411RETX_FLASH.ld" --specs=nosys.specs -Wl,-Map="zpio-03rtos.map" -Wl,--gc-sections -static --specs=nano.specs -mfpu=fpv4-sp-d16 -mfloat-abi=hard -mthumb -Wl,--start-group -lc -lm -Wl,--end-group
Finished building target: zpio-03rtos.elf
 
arm-none-eabi-size   zpio-03rtos.elf 
arm-none-eabi-objdump -h -S  zpio-03rtos.elf  > "zpio-03rtos.list"
   text	   data	    bss	    dec	    hex	filename
  25024	    116	  18436	  43576	   aa38	zpio-03rtos.elf
Finished building: default.size.stdout
 
Finished building: zpio-03rtos.list
 
15:32:02 **** Incremental Build of configuration Debug for project zpio-03rtos ****
make -j4 all 
arm-none-eabi-gcc "../Core/Src/main.c" -mcpu=cortex-m4 -std=gnu11 -g3 -DDEBUG -DUSE_HAL_DRIVER -DSTM32F411xE -c -I../Core/Inc -I../Drivers/STM32F4xx_HAL_Driver/Inc -I../Drivers/STM32F4xx_HAL_Driver/Inc/Legacy -I../Drivers/CMSIS/Device/ST/STM32F4xx/Include -I../Drivers/CMSIS/Include -I../Middlewares/Third_Party/FreeRTOS/Source/include -I../Middlewares/Third_Party/FreeRTOS/Source/CMSIS_RTOS -I../Middlewares/Third_Party/FreeRTOS/Source/portable/GCC/ARM_CM4F -O0 -ffunction-sections -fdata-sections -Wall -fstack-usage -fcyclomatic-complexity -MMD -MP -MF"Core/Src/main.d" -MT"Core/Src/main.o" --specs=nano.specs -mfpu=fpv4-sp-d16 -mfloat-abi=hard -mthumb -o "Core/Src/main.o"
In file included from ../Core/Src/main.c:51:
../Core/Src/../../../myLib/myLib.c: In function '__io_putchar':
../Core/Src/../../../myLib/myLib.c:3:35: warning: passing argument 2 of 'HAL_UART_Transmit' from incompatible pointer type [-Wincompatible-pointer-types]
    3 |         HAL_UART_Transmit(&huart2,&c,1,10);
      |                                   ^~
      |                                   |
      |                                   int *
In file included from ../Core/Inc/stm32f4xx_hal_conf.h:411,
                 from ../Drivers/STM32F4xx_HAL_Driver/Inc/stm32f4xx_hal.h:29,
                 from ../Core/Inc/main.h:30,
                 from ../Core/Src/main.c:20:
../Drivers/STM32F4xx_HAL_Driver/Inc/stm32f4xx_hal_uart.h:722:79: note: expected 'const uint8_t *' {aka 'const unsigned char *'} but argument is of type 'int *'
  722 | HAL_StatusTypeDef HAL_UART_Transmit(UART_HandleTypeDef *huart, const uint8_t *pData, uint16_t Size, uint32_t Timeout);
      |                                                                ~~~~~~~~~~~~~~~^~~~~
../Core/Src/main.c: In function 'main':
../Core/Src/main.c:104:3: warning: implicit declaration of function 'printf' [-Wimplicit-function-declaration]
  104 |   printf("\033[1J\033[1;1HRTOS TEST");
      |   ^~~~~~
../Core/Src/main.c:52:1: note: include '<stdio.h>' or provide a declaration of 'printf'
   51 | #include "../../../myLib/myLib.c"
  +++ |+#include <stdio.h>
   52 | /* USER CODE END PV */
../Core/Src/main.c:104:3: warning: incompatible implicit declaration of built-in function 'printf' [-Wbuiltin-declaration-mismatch]
  104 |   printf("\033[1J\033[1;1HRTOS TEST");
      |   ^~~~~~
../Core/Src/main.c:104:3: note: include '<stdio.h>' or provide a declaration of 'printf'
../Core/Src/main.c: In function 'StartDefaultTask':
../Core/Src/main.c:298:7: warning: unused variable 'n' [-Wunused-variable]
  298 |   int n=0;
      |       ^
../Core/Src/main.c: In function 'StartTask02':
../Core/Src/main.c:327:7: warning: unused variable 'n' [-Wunused-variable]
  327 |   int n=0;
      |       ^
../Core/Src/main.c: In function 'StartTask03':
../Core/Src/main.c:356:7: warning: unused variable 'n' [-Wunused-variable]
  356 |   int n=0;
      |       ^
arm-none-eabi-gcc -o "zpio-03rtos.elf" @"objects.list"   -mcpu=cortex-m4 -T"C:\workspace_intel2\arm\zpio-03rtos\STM32F411RETX_FLASH.ld" --specs=nosys.specs -Wl,-Map="zpio-03rtos.map" -Wl,--gc-sections -static --specs=nano.specs -mfpu=fpv4-sp-d16 -mfloat-abi=hard -mthumb -Wl,--start-group -lc -lm -Wl,--end-group
Finished building target: zpio-03rtos.elf
 
arm-none-eabi-size   zpio-03rtos.elf 
arm-none-eabi-objdump -h -S  zpio-03rtos.elf  > "zpio-03rtos.list"
   text	   data	    bss	    dec	    hex	filename
  24980	    116	  18436	  43532	   aa0c	zpio-03rtos.elf
Finished building: default.size.stdout
 
Finished building: zpio-03rtos.list
 
