10:26:15 **** Incremental Build of configuration Debug for project zgpio-02 ****
make -j4 all 
arm-none-eabi-gcc "../Core/Src/main.c" -mcpu=cortex-m4 -std=gnu11 -g3 -DDEBUG -DUSE_HAL_DRIVER -DSTM32F411xE -c -I../Core/Inc -I../Drivers/STM32F4xx_HAL_Driver/Inc -I../Drivers/STM32F4xx_HAL_Driver/Inc/Legacy -I../Drivers/CMSIS/Device/ST/STM32F4xx/Include -I../Drivers/CMSIS/Include -O0 -ffunction-sections -fdata-sections -Wall -fstack-usage -fcyclomatic-complexity -MMD -MP -MF"Core/Src/main.d" -MT"Core/Src/main.o" --specs=nano.specs -mfpu=fpv4-sp-d16 -mfloat-abi=hard -mthumb -o "Core/Src/main.o"
arm-none-eabi-gcc "../Core/Src/stm32f4xx_hal_msp.c" -mcpu=cortex-m4 -std=gnu11 -g3 -DDEBUG -DUSE_HAL_DRIVER -DSTM32F411xE -c -I../Core/Inc -I../Drivers/STM32F4xx_HAL_Driver/Inc -I../Drivers/STM32F4xx_HAL_Driver/Inc/Legacy -I../Drivers/CMSIS/Device/ST/STM32F4xx/Include -I../Drivers/CMSIS/Include -O0 -ffunction-sections -fdata-sections -Wall -fstack-usage -fcyclomatic-complexity -MMD -MP -MF"Core/Src/stm32f4xx_hal_msp.d" -MT"Core/Src/stm32f4xx_hal_msp.o" --specs=nano.specs -mfpu=fpv4-sp-d16 -mfloat-abi=hard -mthumb -o "Core/Src/stm32f4xx_hal_msp.o"
In file included from ../Core/Src/main.c:50:
../Core/Src/../../../myLib/myLib.c: In function '__io_putchar':
../Core/Src/../../../myLib/myLib.c:3:35: warning: passing argument 2 of 'HAL_UART_Transmit' from incompatible pointer type [-Wincompatible-pointer-types]
    3 |         HAL_UART_Transmit(&huart2,&c,1,10);
      |                                   ^~
      |                                   |
      |                                   int *
In file included from ../Core/Inc/stm32f4xx_hal_conf.h:411,
                 from ../Drivers/STM32F4xx_HAL_Driver/Inc/stm32f4xx_hal.h:29,
                 from ../Core/Inc/main.h:30,
                 from ../Core/Src/main.c:20:
../Drivers/STM32F4xx_HAL_Driver/Inc/stm32f4xx_hal_uart.h:722:79: note: expected 'const uint8_t *' {aka 'const unsigned char *'} but argument is of type 'int *'
  722 | HAL_StatusTypeDef HAL_UART_Transmit(UART_HandleTypeDef *huart, const uint8_t *pData, uint16_t Size, uint32_t Timeout);
      |                                                                ~~~~~~~~~~~~~~~^~~~~
../Core/Src/main.c: In function 'HAL_ADC_ConvCpltCallback':
../Core/Src/main.c:91:5: warning: implicit declaration of function 'printf' [-Wimplicit-function-declaration]
   91 |     printf ("X Value : %d\r\n", value);
      |     ^~~~~~
../Core/Src/main.c:51:1: note: include '<stdio.h>' or provide a declaration of 'printf'
   50 | #include "../../../myLib/myLib.c"
  +++ |+#include <stdio.h>
   51 | /* USER CODE END PV */
../Core/Src/main.c:91:5: warning: incompatible implicit declaration of built-in function 'printf' [-Wbuiltin-declaration-mismatch]
   91 |     printf ("X Value : %d\r\n", value);
      |     ^~~~~~
../Core/Src/main.c:91:5: note: include '<stdio.h>' or provide a declaration of 'printf'
arm-none-eabi-gcc -o "zgpio-02.elf" @"objects.list"   -mcpu=cortex-m4 -T"C:\workspace_intel2\arm\zgpio-02\STM32F411RETX_FLASH.ld" --specs=nosys.specs -Wl,-Map="zgpio-02.map" -Wl,--gc-sections -static --specs=nano.specs -mfpu=fpv4-sp-d16 -mfloat-abi=hard -mthumb -Wl,--start-group -lc -lm -Wl,--end-group
Finished building target: zgpio-02.elf
 
arm-none-eabi-size   zgpio-02.elf 
arm-none-eabi-objdump -h -S  zgpio-02.elf  > "zgpio-02.list"
   text	   data	    bss	    dec	    hex	filename
  16848	    112	   2120	  19080	   4a88	zgpio-02.elf
Finished building: default.size.stdout
 
Finished building: zgpio-02.list
 

10:26:16 Build Finished. 0 errors, 3 warnings. (took 1s.333ms)

