../Core/Src/main.c:68:6:HAL_GPIO_EXTI_Callback	16	static
../Core/Src/main.c:78:6:HAL_TIM_PeriodElapsedCallback	16	static
../Core/Src/main.c:84:6:myDelay	24	static
../Core/Src/main.c:94:5:__io_putchar	16	static
../Core/Src/main.c:100:5:__io_getchar	4	static
../Core/Src/main.c:111:5:main	16	static
../Core/Src/main.c:174:6:SystemClock_Config	88	static
../Core/Src/main.c:221:13:MX_TIM2_Init	48	static
../Core/Src/main.c:270:13:MX_TIM3_Init	32	static
../Core/Src/main.c:315:13:MX_TIM5_Init	32	static
../Core/Src/main.c:360:13:MX_USART2_UART_Init	8	static
../Core/Src/main.c:393:13:MX_GPIO_Init	48	static
../Core/Src/main.c:427:6:Error_Handler	4	static,ignoring_inline_asm
